Archive member included because of file (symbol)

libbb/lib.a(appletlib.o)      /opt/buildroot-gcc463_NPTLSHAREDLIBGCC/usr/mipsel-buildroot-linux-uclibc/sysroot/usr/lib/crt1.o (main)
libbb/lib.a(bb_basename.o)    libbb/lib.a(appletlib.o) (bb_basename)
libbb/lib.a(default_error_retval.o)
                              libbb/lib.a(appletlib.o) (xfunc_error_retval)
libbb/lib.a(error_msg_and_die.o)
                              libbb/lib.a(appletlib.o) (bb_error_msg_and_die)
libbb/lib.a(full_write.o)     libbb/lib.a(appletlib.o) (full_write)
libbb/lib.a(get_last_path_component.o)
                              libbb/lib.a(appletlib.o) (bb_get_last_path_component_nostrip)
libbb/lib.a(last_char_is.o)   libbb/lib.a(get_last_path_component.o) (last_char_is)
libbb/lib.a(messages.o)       libbb/lib.a(appletlib.o) (bb_banner)
libbb/lib.a(ptr_to_globals.o)
                              libbb/lib.a(appletlib.o) (bb_errno)
libbb/lib.a(safe_write.o)     libbb/lib.a(full_write.o) (safe_write)
libbb/lib.a(verror_msg.o)     libbb/lib.a(error_msg_and_die.o) (bb_verror_msg)
libbb/lib.a(xfunc_die.o)      libbb/lib.a(appletlib.o) (xfunc_die)
libbb/lib.a(xfuncs.o)         libbb/lib.a(appletlib.o) (get_terminal_width_height)
libbb/lib.a(xfuncs_printf.o)  libbb/lib.a(verror_msg.o) (xrealloc)
libbb/lib.a(copyfd.o)         libbb/lib.a(xfuncs_printf.o) (bb_copyfd_eof)
libbb/lib.a(error_msg.o)      libbb/lib.a(xfuncs_printf.o) (bb_error_msg)
libbb/lib.a(perror_msg.o)     libbb/lib.a(xfuncs_printf.o) (bb_perror_msg)
libbb/lib.a(perror_msg_and_die.o)
                              libbb/lib.a(xfuncs_printf.o) (bb_perror_msg_and_die)
libbb/lib.a(read.o)           libbb/lib.a(copyfd.o) (safe_read)
libbb/lib.a(safe_poll.o)      libbb/lib.a(read.o) (safe_poll)
loginutils/lib.a(chpasswd.o)  libbb/lib.a(appletlib.o) (chpasswd_main)
loginutils/lib.a(login.o)     libbb/lib.a(appletlib.o) (login_main)
loginutils/lib.a(passwd.o)    libbb/lib.a(appletlib.o) (passwd_main)
miscutils/lib.a(taskset.o)    libbb/lib.a(appletlib.o) (taskset_main)
miscutils/lib.a(time.o)       libbb/lib.a(appletlib.o) (time_main)
modutils/lib.a(insmod.o)      libbb/lib.a(appletlib.o) (insmod_main)
modutils/lib.a(lsmod.o)       libbb/lib.a(appletlib.o) (lsmod_main)
modutils/lib.a(rmmod.o)       libbb/lib.a(appletlib.o) (rmmod_main)
networking/lib.a(arp.o)       libbb/lib.a(appletlib.o) (arp_main)
networking/lib.a(ftpgetput.o)
                              libbb/lib.a(appletlib.o) (ftpgetput_main)
networking/lib.a(hostname.o)  libbb/lib.a(appletlib.o) (hostname_main)
networking/lib.a(ifconfig.o)  libbb/lib.a(appletlib.o) (ifconfig_main)
networking/lib.a(interface.o)
                              networking/lib.a(arp.o) (get_aftype)
networking/lib.a(netstat.o)   libbb/lib.a(appletlib.o) (netstat_main)
networking/lib.a(ping.o)      libbb/lib.a(appletlib.o) (ping_main)
networking/lib.a(route.o)     networking/lib.a(netstat.o) (bb_displayroutes)
networking/lib.a(telnetd.o)   libbb/lib.a(appletlib.o) (telnetd_main)
networking/lib.a(tftp.o)      libbb/lib.a(appletlib.o) (tftp_main)
networking/lib.a(traceroute.o)
                              libbb/lib.a(appletlib.o) (traceroute_main)
networking/lib.a(vconfig.o)   libbb/lib.a(appletlib.o) (vconfig_main)
networking/lib.a(wget.o)      libbb/lib.a(appletlib.o) (wget_main)
procps/lib.a(free.o)          libbb/lib.a(appletlib.o) (free_main)
procps/lib.a(kill.o)          libbb/lib.a(appletlib.o) (kill_main)
procps/lib.a(pidof.o)         libbb/lib.a(appletlib.o) (pidof_main)
procps/lib.a(ps.o)            libbb/lib.a(appletlib.o) (ps_main)
procps/lib.a(renice.o)        libbb/lib.a(appletlib.o) (renice_main)
procps/lib.a(top.o)           libbb/lib.a(appletlib.o) (top_main)
shell/lib.a(ash.o)            libbb/lib.a(appletlib.o) (ash_main)
util-linux/lib.a(dmesg.o)     libbb/lib.a(appletlib.o) (dmesg_main)
util-linux/lib.a(fdisk.o)     libbb/lib.a(appletlib.o) (fdisk_main)
util-linux/lib.a(hexdump.o)   libbb/lib.a(appletlib.o) (hexdump_main)
util-linux/lib.a(mdev.o)      libbb/lib.a(appletlib.o) (mdev_main)
util-linux/lib.a(more.o)      libbb/lib.a(appletlib.o) (more_main)
util-linux/lib.a(mount.o)     libbb/lib.a(appletlib.o) (mount_main)
util-linux/lib.a(umount.o)    libbb/lib.a(appletlib.o) (umount_main)
util-linux/volume_id/lib.a(get_devname.o)
                              util-linux/lib.a(mount.o) (get_devname_from_label)
util-linux/volume_id/lib.a(volume_id.o)
                              util-linux/volume_id/lib.a(get_devname.o) (volume_id_probe_all)
util-linux/volume_id/lib.a(util.o)
                              util-linux/volume_id/lib.a(volume_id.o) (volume_id_get_buffer)
archival/lib.a(bbunzip.o)     libbb/lib.a(appletlib.o) (bunzip2_main)
archival/lib.a(gzip.o)        libbb/lib.a(appletlib.o) (gzip_main)
archival/lib.a(tar.o)         libbb/lib.a(appletlib.o) (tar_main)
archival/lib.a(unzip.o)       libbb/lib.a(appletlib.o) (unzip_main)
archival/libunarchive/lib.a(data_extract_all.o)
[...]
Memory Configuration

Name             Origin             Length             Attributes
*default*        0x0000000000000000 0xffffffffffffffff

Linker script and memory map

LOAD /opt/buildroot-gcc463_NPTLSHAREDLIBGCC/usr/mipsel-buildroot-linux-uclibc/sysroot/usr/lib/crt1.o
LOAD /opt/buildroot-gcc463_NPTLSHAREDLIBGCC/usr/mipsel-buildroot-linux-uclibc/sysroot/usr/lib/crti.o
LOAD /opt/buildroot-gcc463_NPTLSHAREDLIBGCC/usr/lib/gcc/mipsel-buildroot-linux-uclibc/4.6.3/crtbegin.o
START GROUP
LOAD applets/built-in.o
LOAD archival/lib.a
LOAD archival/libunarchive/lib.a
LOAD console-tools/lib.a
LOAD coreutils/lib.a
LOAD coreutils/libcoreutils/lib.a
LOAD debianutils/lib.a
LOAD e2fsprogs/lib.a
LOAD editors/lib.a
LOAD findutils/lib.a
LOAD init/lib.a
LOAD libbb/lib.a
LOAD libpwdgrp/lib.a
LOAD loginutils/lib.a
LOAD miscutils/lib.a
LOAD modutils/lib.a
LOAD networking/lib.a
LOAD networking/libiproute/lib.a
LOAD networking/udhcp/lib.a
LOAD printutils/lib.a
LOAD procps/lib.a
LOAD runit/lib.a
LOAD selinux/lib.a
LOAD shell/lib.a
LOAD sysklogd/lib.a
LOAD util-linux/lib.a
LOAD util-linux/volume_id/lib.a
LOAD archival/built-in.o
LOAD archival/libunarchive/built-in.o
LOAD console-tools/built-in.o
LOAD coreutils/built-in.o
LOAD coreutils/libcoreutils/built-in.o
LOAD debianutils/built-in.o
LOAD e2fsprogs/built-in.o
LOAD editors/built-in.o
LOAD findutils/built-in.o
LOAD init/built-in.o
LOAD libbb/built-in.o
LOAD libpwdgrp/built-in.o
LOAD loginutils/built-in.o
LOAD miscutils/built-in.o
LOAD modutils/built-in.o
LOAD networking/built-in.o
LOAD networking/libiproute/built-in.o
LOAD networking/udhcp/built-in.o
LOAD printutils/built-in.o
LOAD procps/built-in.o
LOAD runit/built-in.o
LOAD selinux/built-in.o
LOAD shell/built-in.o
LOAD sysklogd/built-in.o
LOAD util-linux/built-in.o
LOAD util-linux/volume_id/built-in.o
END GROUP
START GROUP
LOAD /opt/buildroot-gcc463_NPTLSHAREDLIBGCC/usr/mipsel-buildroot-linux-uclibc/sysroot/usr/lib/libcrypt.so
END GROUP
LOAD /opt/buildroot-gcc463_NPTLSHAREDLIBGCC/usr/lib/gcc/mipsel-buildroot-linux-uclibc/4.6.3/libgcc.a
LOAD /opt/buildroot-gcc463_NPTLSHAREDLIBGCC/usr/lib/gcc/mipsel-buildroot-linux-uclibc/4.6.3/libgcc_eh.a
LOAD /opt/buildroot-gcc463_NPTLSHAREDLIBGCC/usr/mipsel-buildroot-linux-uclibc/sysroot/usr/lib/libc.so
START GROUP
LOAD /opt/buildroot-gcc463_NPTLSHAREDLIBGCC/usr/mipsel-buildroot-linux-uclibc/sysroot/usr/lib/uclibc_nonshared.a
LOAD /opt/buildroot-gcc463_NPTLSHAREDLIBGCC/usr/mipsel-buildroot-linux-uclibc/sysroot/lib/libc.so.0
LOAD /opt/buildroot-gcc463_NPTLSHAREDLIBGCC/usr/mipsel-buildroot-linux-uclibc/sysroot/lib/ld-uClibc.so.0
END GROUP
LOAD /opt/buildroot-gcc463_NPTLSHAREDLIBGCC/usr/lib/gcc/mipsel-buildroot-linux-uclibc/4.6.3/libgcc.a
LOAD /opt/buildroot-gcc463_NPTLSHAREDLIBGCC/usr/lib/gcc/mipsel-buildroot-linux-uclibc/4.6.3/libgcc_eh.a
LOAD /opt/buildroot-gcc463_NPTLSHAREDLIBGCC/usr/lib/gcc/mipsel-buildroot-linux-uclibc/4.6.3/crtend.o
LOAD /opt/buildroot-gcc463_NPTLSHAREDLIBGCC/usr/mipsel-buildroot-linux-uclibc/sysroot/usr/lib/crtn.o
                0x0000000000400000                PROVIDE (__executable_start, 0x400000)
                0x0000000000400134                . = (0x400000 + SIZEOF_HEADERS)

.interp         0x0000000000400134       0x14
 *(SORT(.interp))
 .interp        0x0000000000400134       0x14 /opt/buildroot-gcc463_NPTLSHAREDLIBGCC/usr/mipsel-buildroot-linux-uclibc/sysroot/usr/lib/crt1.o

.reginfo
 *(SORT(.reginfo))

.note.gnu.build-id
 *(SORT(.note.gnu.build-id))

.dynamic        0x0000000000400148       0xc8
 *(SORT(.dynamic))
 .dynamic       0x0000000000400148       0xc8 /opt/buildroot-gcc463_NPTLSHAREDLIBGCC/usr/mipsel-buildroot-linux-uclibc/sysroot/usr/lib/crt1.o
                0x0000000000400148                _DYNAMIC

.hash           0x0000000000400210      0x98c
 *(SORT(.hash))
 .hash          0x0000000000400210      0x98c /opt/buildroot-gcc463_NPTLSHAREDLIBGCC/usr/mipsel-buildroot-linux-uclibc/sysroot/usr/lib/crt1.o

.gnu.hash
 *(SORT(.gnu.hash))

.dynsym         0x0000000000400b9c     0x15a0
 *(SORT(.dynsym))
 .dynsym        0x0000000000400b9c     0x15a0 /opt/buildroot-gcc463_NPTLSHAREDLIBGCC/usr/mipsel-buildroot-linux-uclibc/sysroot/usr/lib/crt1.o

.dynstr         0x000000000040213c      0xb6a
 *(SORT(.dynstr))
 .dynstr        0x000000000040213c      0xb6a /opt/buildroot-gcc463_NPTLSHAREDLIBGCC/usr/mipsel-buildroot-linux-uclibc/sysroot/usr/lib/crt1.o

.gnu.version    0x0000000000402ca6        0x0
 *(SORT(.gnu.version))
 .gnu.version   0x0000000000000000        0x0 /opt/buildroot-gcc463_NPTLSHAREDLIBGCC/usr/mipsel-buildroot-linux-uclibc/sysroot/usr/lib/crt1.o

.gnu.version_d  0x0000000000402ca8        0x0 load address 0x0000000000402ca6
 *(SORT(.gnu.version_d))
 .gnu.version_d
                0x0000000000000000        0x0 /opt/buildroot-gcc463_NPTLSHAREDLIBGCC/usr/mipsel-buildroot-linux-uclibc/sysroot/usr/lib/crt1.o

.gnu.version_r  0x0000000000402ca8        0x0 load address 0x0000000000402ca6
 *(SORT(.gnu.version_r))
 .gnu.version_r
                0x0000000000000000        0x0 /opt/buildroot-gcc463_NPTLSHAREDLIBGCC/usr/mipsel-buildroot-linux-uclibc/sysroot/usr/lib/crt1.o

.rel.dyn        0x0000000000402ca8        0x0 load address 0x0000000000402ca6
 *(SORT(.rel.init))
 *(SORT(.rel.text) SORT(.rel.text.*) SORT(.rel.gnu.linkonce.t.*))
 *(SORT(.rel.fini))
 *(SORT(.rel.rodata) SORT(.rel.rodata.*) SORT(.rel.gnu.linkonce.r.*))
 *(SORT(.rel.data.rel.ro*) SORT(.rel.gnu.linkonce.d.rel.ro.*))
 *(SORT(.rel.data) SORT(.rel.data.*) SORT(.rel.gnu.linkonce.d.*))
 *(SORT(.rel.tdata) SORT(.rel.tdata.*) SORT(.rel.gnu.linkonce.td.*))
 *(SORT(.rel.tbss) SORT(.rel.tbss.*) SORT(.rel.gnu.linkonce.tb.*))
 *(SORT(.rel.ctors))
 *(SORT(.rel.dtors))
 *(SORT(.rel.got))
 *(SORT(.rel.dyn))
 .rel.dyn       0x0000000000000000        0x0 /opt/buildroot-gcc463_NPTLSHAREDLIBGCC/usr/mipsel-buildroot-linux-uclibc/sysroot/usr/lib/crt1.o
 *(SORT(.rel.sdata) SORT(.rel.sdata.*) SORT(.rel.gnu.linkonce.s.*))
 *(SORT(.rel.sbss) SORT(.rel.sbss.*) SORT(.rel.gnu.linkonce.sb.*))
 *(SORT(.rel.sdata2) SORT(.rel.sdata2.*) SORT(.rel.gnu.linkonce.s2.*))
 *(SORT(.rel.sbss2) SORT(.rel.sbss2.*) SORT(.rel.gnu.linkonce.sb2.*))
 *(SORT(.rel.bss) SORT(.rel.bss.*) SORT(.rel.gnu.linkonce.b.*))
 .rel.bss       0x0000000000000000        0x0 /opt/buildroot-gcc463_NPTLSHAREDLIBGCC/usr/mipsel-buildroot-linux-uclibc/sysroot/usr/lib/crt1.o
                0x0000000000402ca8                PROVIDE (__rel_iplt_start, .)
 *(SORT(.rel.iplt))
                0x0000000000402ca8                PROVIDE (__rel_iplt_end, .)
                0x0000000000402ca8                PROVIDE (__rela_iplt_start, .)
                0x0000000000402ca8                PROVIDE (__rela_iplt_end, .)

.rela.dyn       0x0000000000402ca6        0x0
 *(SORT(.rela.init))
 *(SORT(.rela.text) SORT(.rela.text.*) SORT(.rela.gnu.linkonce.t.*))
 *(SORT(.rela.fini))
 *(SORT(.rela.rodata) SORT(.rela.rodata.*) SORT(.rela.gnu.linkonce.r.*))
 *(SORT(.rela.data) SORT(.rela.data.*) SORT(.rela.gnu.linkonce.d.*))
 *(SORT(.rela.tdata) SORT(.rela.tdata.*) SORT(.rela.gnu.linkonce.td.*))
 *(SORT(.rela.tbss) SORT(.rela.tbss.*) SORT(.rela.gnu.linkonce.tb.*))
 *(SORT(.rela.ctors))
 *(SORT(.rela.dtors))
 *(SORT(.rela.got))
 *(SORT(.rela.sdata) SORT(.rela.sdata.*) SORT(.rela.gnu.linkonce.s.*))
 *(SORT(.rela.sbss) SORT(.rela.sbss.*) SORT(.rela.gnu.linkonce.sb.*))
 *(SORT(.rela.sdata2) SORT(.rela.sdata2.*) SORT(.rela.gnu.linkonce.s2.*))
 *(SORT(.rela.sbss2) SORT(.rela.sbss2.*) SORT(.rela.gnu.linkonce.sb2.*))
 *(SORT(.rela.bss) SORT(.rela.bss.*) SORT(.rela.gnu.linkonce.b.*))
                0x0000000000402ca6                PROVIDE (__rel_iplt_start, .)
                0x0000000000402ca6                PROVIDE (__rel_iplt_end, .)
                0x0000000000402ca6                PROVIDE (__rela_iplt_start, .)
 *(SORT(.rela.iplt))
                0x0000000000402ca6                PROVIDE (__rela_iplt_end, .)

.rel.plt        0x0000000000402ca8        0x0 load address 0x0000000000402ca6
 *(SORT(.rel.plt))
 .rel.plt       0x0000000000000000        0x0 /opt/buildroot-gcc463_NPTLSHAREDLIBGCC/usr/mipsel-buildroot-linux-uclibc/sysroot/usr/lib/crt1.o

.rela.plt
 *(SORT(.rela.plt))

.init           0x0000000000402ca8       0x78
 *(SORT(.init))
 .init          0x0000000000402ca8       0x1c /opt/buildroot-gcc463_NPTLSHAREDLIBGCC/usr/mipsel-buildroot-linux-uclibc/sysroot/usr/lib/crti.o
                0x0000000000402ca8                _init
 .init          0x0000000000402cc4        0xc /opt/buildroot-gcc463_NPTLSHAREDLIBGCC/usr/mipsel-buildroot-linux-uclibc/sysroot/usr/lib/crtn.o
 .init          0x0000000000402cd0       0x2c /opt/buildroot-gcc463_NPTLSHAREDLIBGCC/usr/lib/gcc/mipsel-buildroot-linux-uclibc/4.6.3/crtbegin.o
 .init          0x0000000000402cfc       0x24 /opt/buildroot-gcc463_NPTLSHAREDLIBGCC/usr/lib/gcc/mipsel-buildroot-linux-uclibc/4.6.3/crtend.o

.plt            0x0000000000402d20        0x0
 *(SORT(.plt))
 .plt           0x0000000000000000        0x0 /opt/buildroot-gcc463_NPTLSHAREDLIBGCC/usr/mipsel-buildroot-linux-uclibc/sysroot/usr/lib/crt1.o

.iplt
 *(SORT(.iplt))

.text           0x0000000000402d20    0x5e578
                0x0000000000402d20                _ftext = .
 *(SORT(.text.unlikely) SORT(.text.*_unlikely))
 *(SORT(.text.exit) SORT(.text.exit.*))
 *(SORT(.text.startup) SORT(.text.startup.*))
 *(SORT(.text.hot) SORT(.text.hot.*))
 *(SORT(.text) SORT(.stub) SORT(.text.*) SORT(.gnu.linkonce.t.*))
 .text          0x0000000000402d20       0x60 /opt/buildroot-gcc463_NPTLSHAREDLIBGCC/usr/mipsel-buildroot-linux-uclibc/sysroot/usr/lib/crt1.o
                0x0000000000402d20                __start
 .text          0x0000000000402d80      0x150 /opt/buildroot-gcc463_NPTLSHAREDLIBGCC/usr/lib/gcc/mipsel-buildroot-linux-uclibc/4.6.3/crtbegin.o
 .text          0x0000000000402ed0       0x40 /opt/buildroot-gcc463_NPTLSHAREDLIBGCC/usr/lib/gcc/mipsel-buildroot-linux-uclibc/4.6.3/libgcc.a(_lshrdi3.o)
                0x0000000000402ed0                __lshrdi3
 .text          0x0000000000402f10       0x50 /opt/buildroot-gcc463_NPTLSHAREDLIBGCC/usr/lib/gcc/mipsel-buildroot-linux-uclibc/4.6.3/libgcc.a(_ashldi3.o)
                0x0000000000402f10                __ashldi3
 .text          0x0000000000402f60       0xb0 /opt/buildroot-gcc463_NPTLSHAREDLIBGCC/usr/lib/gcc/mipsel-buildroot-linux-uclibc/4.6.3/libgcc.a(_fixunsdfsi.o)
                0x0000000000402f60                __fixunsdfsi
 .text          0x0000000000403010      0x5f0 /opt/buildroot-gcc463_NPTLSHAREDLIBGCC/usr/lib/gcc/mipsel-buildroot-linux-uclibc/4.6.3/libgcc.a(_divdi3.o)
                0x0000000000403010                __divdi3
 .text          0x0000000000403600      0x5e0 /opt/buildroot-gcc463_NPTLSHAREDLIBGCC/usr/lib/gcc/mipsel-buildroot-linux-uclibc/4.6.3/libgcc.a(_moddi3.o)
                0x0000000000403600                __moddi3
 .text          0x0000000000403be0      0x5a0 /opt/buildroot-gcc463_NPTLSHAREDLIBGCC/usr/lib/gcc/mipsel-buildroot-linux-uclibc/4.6.3/libgcc.a(_udivdi3.o)
                0x0000000000403be0                __udivdi3
 .text          0x0000000000404180      0x5a0 /opt/buildroot-gcc463_NPTLSHAREDLIBGCC/usr/lib/gcc/mipsel-buildroot-linux-uclibc/4.6.3/libgcc.a(_umoddi3.o)
                0x0000000000404180                __umoddi3
 .text          0x0000000000404720       0x70 /opt/buildroot-gcc463_NPTLSHAREDLIBGCC/usr/lib/gcc/mipsel-buildroot-linux-uclibc/4.6.3/libgcc.a(_sf_to_df.o)
                0x0000000000404720                __extendsfdf2
 .text          0x0000000000404790      0x4e0 /opt/buildroot-gcc463_NPTLSHAREDLIBGCC/usr/lib/gcc/mipsel-buildroot-linux-uclibc/4.6.3/libgcc.a(_addsub_df.o)
                0x0000000000404b34                __adddf3
                0x0000000000404bcc                __subdf3
 .text          0x0000000000404c70      0x320 /opt/buildroot-gcc463_NPTLSHAREDLIBGCC/usr/lib/gcc/mipsel-buildroot-linux-uclibc/4.6.3/libgcc.a(_mul_df.o)
                0x0000000000404c70                __muldf3
 .text          0x0000000000404f90      0x220 /opt/buildroot-gcc463_NPTLSHAREDLIBGCC/usr/lib/gcc/mipsel-buildroot-linux-uclibc/4.6.3/libgcc.a(_div_df.o)
                0x0000000000404f90                __divdf3
 .text          0x00000000004051b0       0xa0 /opt/buildroot-gcc463_NPTLSHAREDLIBGCC/usr/lib/gcc/mipsel-buildroot-linux-uclibc/4.6.3/libgcc.a(_eq_df.o)
                0x00000000004051b0                __eqdf2
 .text          0x0000000000405250       0xa0 /opt/buildroot-gcc463_NPTLSHAREDLIBGCC/usr/lib/gcc/mipsel-buildroot-linux-uclibc/4.6.3/libgcc.a(_gt_df.o)
                0x0000000000405250                __gtdf2
 .text          0x00000000004052f0       0xa0 /opt/buildroot-gcc463_NPTLSHAREDLIBGCC/usr/lib/gcc/mipsel-buildroot-linux-uclibc/4.6.3/libgcc.a(_ge_df.o)
                0x00000000004052f0                __gedf2
 .text          0x0000000000405390       0xa0 /opt/buildroot-gcc463_NPTLSHAREDLIBGCC/usr/lib/gcc/mipsel-buildroot-linux-uclibc/4.6.3/libgcc.a(_lt_df.o)
                0x0000000000405390                __ltdf2
 .text          0x0000000000405430       0xa0 /opt/buildroot-gcc463_NPTLSHAREDLIBGCC/usr/lib/gcc/mipsel-buildroot-linux-uclibc/4.6.3/libgcc.a(_le_df.o)
                0x0000000000405430                __ledf2
 .text          0x00000000004054d0       0xe0 /opt/buildroot-gcc463_NPTLSHAREDLIBGCC/usr/lib/gcc/mipsel-buildroot-linux-uclibc/4.6.3/libgcc.a(_si_to_df.o)
                0x00000000004054d0                __floatsidf
 .text          0x00000000004055b0       0xd0 /opt/buildroot-gcc463_NPTLSHAREDLIBGCC/usr/lib/gcc/mipsel-buildroot-linux-uclibc/4.6.3/libgcc.a(_df_to_si.o)
                0x00000000004055b0                __fixdfsi
 .text          0x0000000000405680       0x50 /opt/buildroot-gcc463_NPTLSHAREDLIBGCC/usr/lib/gcc/mipsel-buildroot-linux-uclibc/4.6.3/libgcc.a(_make_df.o)
                0x0000000000405680                __make_dp
 .text          0x00000000004056d0      0x120 /opt/buildroot-gcc463_NPTLSHAREDLIBGCC/usr/lib/gcc/mipsel-buildroot-linux-uclibc/4.6.3/libgcc.a(_usi_to_df.o)
                0x00000000004056d0                __floatunsidf
 .text          0x00000000004057f0       0x60 /opt/buildroot-gcc463_NPTLSHAREDLIBGCC/usr/lib/gcc/mipsel-buildroot-linux-uclibc/4.6.3/libgcc.a(_clzsi2.o)
                0x00000000004057f0                __clzsi2
 .text          0x0000000000405850       0xd0 /opt/buildroot-gcc463_NPTLSHAREDLIBGCC/usr/lib/gcc/mipsel-buildroot-linux-uclibc/4.6.3/libgcc.a(_unpack_sf.o)
                0x0000000000405850                __unpack_f
 .text          0x0000000000405920      0x240 /opt/buildroot-gcc463_NPTLSHAREDLIBGCC/usr/lib/gcc/mipsel-buildroot-linux-uclibc/4.6.3/libgcc.a(_pack_df.o)
                0x0000000000405920                __pack_d
 .text          0x0000000000405b60       0xf0 /opt/buildroot-gcc463_NPTLSHAREDLIBGCC/usr/lib/gcc/mipsel-buildroot-linux-uclibc/4.6.3/libgcc.a(_unpack_df.o)
                0x0000000000405b60                __unpack_d
 .text          0x0000000000405c50      0x120 /opt/buildroot-gcc463_NPTLSHAREDLIBGCC/usr/lib/gcc/mipsel-buildroot-linux-uclibc/4.6.3/libgcc.a(_fpcmp_parts_df.o)
                0x0000000000405c50                __fpcmp_parts_d
 .text          0x0000000000405d70       0x30 /opt/buildroot-gcc463_NPTLSHAREDLIBGCC/usr/mipsel-buildroot-linux-uclibc/sysroot/usr/lib/uclibc_nonshared.a(atexit.os)
                0x0000000000405d70                atexit
 .text          0x0000000000405da0       0x50 /opt/buildroot-gcc463_NPTLSHAREDLIBGCC/usr/lib/gcc/mipsel-buildroot-linux-uclibc/4.6.3/crtend.o
 .text.full_write2_str
                0x0000000000405df0       0x44 libbb/lib.a(appletlib.o)
 .text.applet_name_compare
                0x0000000000405e34       0x38 libbb/lib.a(appletlib.o)
 .text.find_applet_by_name
                0x0000000000405e6c       0x60 libbb/lib.a(appletlib.o)
                0x0000000000405e6c                find_applet_by_name
 .text.bb_show_usage
                0x0000000000405ecc       0xd0 libbb/lib.a(appletlib.o)
                0x0000000000405ecc                bb_show_usage
 .text.lbb_prepare
                0x0000000000405f9c       0x40 libbb/lib.a(appletlib.o)
                0x0000000000405f9c                lbb_prepare
 .text.run_applet_no_and_exit
                0x0000000000405fdc      0x194 libbb/lib.a(appletlib.o)
                0x0000000000405fdc                run_applet_no_and_exit
 .text.run_applet_and_exit
                0x0000000000406170      0x234 libbb/lib.a(appletlib.o)
                0x0000000000406170                run_applet_and_exit
 .text.main     0x00000000004063a4       0xbc libbb/lib.a(appletlib.o)
                0x00000000004063a4                main
 .text.bb_basename
                0x0000000000406460       0x48 libbb/lib.a(bb_basename.o)
                0x0000000000406460                bb_basename
 .text.bb_error_msg_and_die
                0x00000000004064a8       0x3c libbb/lib.a(error_msg_and_die.o)
                0x00000000004064a8                bb_error_msg_and_die
 .text.full_write
                0x00000000004064e4       0x9c libbb/lib.a(full_write.o)
                0x00000000004064e4                full_write
 .text.bb_get_last_path_component_nostrip
                0x0000000000406580       0x60 libbb/lib.a(get_last_path_component.o)
                0x0000000000406580                bb_get_last_path_component_nostrip
 .text.bb_get_last_path_component_strip
                0x00000000004065e0       0x64 libbb/lib.a(get_last_path_component.o)
                0x00000000004065e0                bb_get_last_path_component_strip
 .text.last_char_is
                0x0000000000406644       0x80 libbb/lib.a(last_char_is.o)
                0x0000000000406644                last_char_is
 .text.safe_write
                0x00000000004066c4       0x90 libbb/lib.a(safe_write.o)
                0x00000000004066c4                safe_write
 .text.bb_verror_msg
                0x0000000000406754      0x278 libbb/lib.a(verror_msg.o)
                0x0000000000406754                bb_verror_msg
 .text.xfunc_die
                0x00000000004069cc       0x7c libbb/lib.a(xfunc_die.o)
                0x00000000004069cc                xfunc_die
 .text.ndelay_on
                0x0000000000406a48       0x4c libbb/lib.a(xfuncs.o)
                0x0000000000406a48                ndelay_on
 .text.ndelay_off
                0x0000000000406a94       0x50 libbb/lib.a(xfuncs.o)
                0x0000000000406a94                ndelay_off
 .text.close_on_exec_on
                0x0000000000406ae4       0x18 libbb/lib.a(xfuncs.o)
                0x0000000000406ae4                close_on_exec_on
 .text.smart_ulltoa5
                0x0000000000406afc      0x2e0 libbb/lib.a(xfuncs.o)
                0x0000000000406afc                smart_ulltoa5
 .text.utoa_to_buf
                0x0000000000406ddc       0x94 libbb/lib.a(xfuncs.o)
                0x0000000000406ddc                utoa_to_buf
 .text.itoa_to_buf
                0x0000000000406e70       0x28 libbb/lib.a(xfuncs.o)
                0x0000000000406e70                itoa_to_buf
 .text.utoa     0x0000000000406e98       0x34 libbb/lib.a(xfuncs.o)
                0x0000000000406e98                utoa
 .text.itoa     0x0000000000406ecc       0x34 libbb/lib.a(xfuncs.o)
                0x0000000000406ecc                itoa
 .text.bin2hex  0x0000000000406f00       0x60 libbb/lib.a(xfuncs.o)
                0x0000000000406f00                bin2hex
 .text.get_terminal_width_height
                0x0000000000406f60      0x158 libbb/lib.a(xfuncs.o)
                0x0000000000406f60                get_terminal_width_height
 .text.malloc_or_warn
                0x00000000004070b8       0x5c libbb/lib.a(xfuncs_printf.o)
                0x00000000004070b8                malloc_or_warn
 .text.xmalloc  0x0000000000407114       0x54 libbb/lib.a(xfuncs_printf.o)
                0x0000000000407114                xmalloc
 .text.xrealloc
                0x0000000000407168       0x54 libbb/lib.a(xfuncs_printf.o)
                0x0000000000407168                xrealloc
 .text.xzalloc  0x00000000004071bc       0x50 libbb/lib.a(xfuncs_printf.o)
                0x00000000004071bc                xzalloc
 .text.xstrdup  0x000000000040720c       0x54 libbb/lib.a(xfuncs_printf.o)
                0x000000000040720c                xstrdup
 .text.xstrndup
                0x0000000000407260       0x80 libbb/lib.a(xfuncs_printf.o)
                0x0000000000407260                xstrndup
 .text.xfopen   0x00000000004072e0       0x50 libbb/lib.a(xfuncs_printf.o)
                0x00000000004072e0                xfopen
 .text.xopen3   0x0000000000407330       0x50 libbb/lib.a(xfuncs_printf.o)
                0x0000000000407330                xopen3
 .text.xopen    0x0000000000407380        0x8 libbb/lib.a(xfuncs_printf.o)
                0x0000000000407380                xopen
 .text.open3_or_warn
                0x0000000000407388       0x58 libbb/lib.a(xfuncs_printf.o)
                0x0000000000407388                open3_or_warn
 .text.open_or_warn
                0x00000000004073e0        0x8 libbb/lib.a(xfuncs_printf.o)
                0x00000000004073e0                open_or_warn
 .text.xunlink  0x00000000004073e8       0x4c libbb/lib.a(xfuncs_printf.o)
                0x00000000004073e8                xunlink
 .text.xrename  0x0000000000407434       0x58 libbb/lib.a(xfuncs_printf.o)
                0x0000000000407434                xrename
 .text.xpipe    0x000000000040748c       0x48 libbb/lib.a(xfuncs_printf.o)
                0x000000000040748c                xpipe
 .text.xdup2    0x00000000004074d4       0x4c libbb/lib.a(xfuncs_printf.o)
                0x00000000004074d4                xdup2
 .text.xmove_fd
                0x0000000000407520       0x58 libbb/lib.a(xfuncs_printf.o)
                0x0000000000407520                xmove_fd
 .text.xwrite   0x0000000000407578       0x4c libbb/lib.a(xfuncs_printf.o)
                0x0000000000407578                xwrite
 .text.xlseek   0x00000000004075c4       0x94 libbb/lib.a(xfuncs_printf.o)
                0x00000000004075c4                xlseek
 .text.die_if_ferror
                0x0000000000407658       0x50 libbb/lib.a(xfuncs_printf.o)
                0x0000000000407658                die_if_ferror
 .text.die_if_ferror_stdout
                0x00000000004076a8       0x1c libbb/lib.a(xfuncs_printf.o)
                0x00000000004076a8                die_if_ferror_stdout
 .text.bb_putchar
                0x00000000004076c4       0x6c libbb/lib.a(xfuncs_printf.o)
                0x00000000004076c4                bb_putchar
 .text.xprint_and_close_file
                0x0000000000407730       0x98 libbb/lib.a(xfuncs_printf.o)
                0x0000000000407730                xprint_and_close_file
 .text.xasprintf
                0x00000000004077c8       0x60 libbb/lib.a(xfuncs_printf.o)
                0x00000000004077c8                xasprintf
 .text.xsetenv  0x0000000000407828       0x48 libbb/lib.a(xfuncs_printf.o)
                0x0000000000407828                xsetenv
 .text.xsetgid  0x0000000000407870       0x48 libbb/lib.a(xfuncs_printf.o)
                0x0000000000407870                xsetgid
 .text.xsetuid  0x00000000004078b8       0x48 libbb/lib.a(xfuncs_printf.o)
                0x00000000004078b8                xsetuid
 .text.xchdir   0x0000000000407900       0x4c libbb/lib.a(xfuncs_printf.o)
                0x0000000000407900                xchdir
 .text.warn_opendir
                0x000000000040794c       0x54 libbb/lib.a(xfuncs_printf.o)
                0x000000000040794c                warn_opendir
 .text.xopendir
                0x00000000004079a0       0x4c libbb/lib.a(xfuncs_printf.o)
                0x00000000004079a0                xopendir
 .text.xsocket  0x00000000004079ec       0x48 libbb/lib.a(xfuncs_printf.o)
                0x00000000004079ec                xsocket
 .text.xbind    0x0000000000407a34       0x48 libbb/lib.a(xfuncs_printf.o)
                0x0000000000407a34                xbind
 .text.xlisten  0x0000000000407a7c       0x48 libbb/lib.a(xfuncs_printf.o)
                0x0000000000407a7c                xlisten
 .text.xsendto  0x0000000000407ac4       0x54 libbb/lib.a(xfuncs_printf.o)
                0x0000000000407ac4                xsendto
 .text.xstat    0x0000000000407b18       0x50 libbb/lib.a(xfuncs_printf.o)
                0x0000000000407b18                xstat
 .text.ioctl_or_perror_and_die
                0x0000000000407b68       0x84 libbb/lib.a(xfuncs_printf.o)
                0x0000000000407b68                ioctl_or_perror_and_die
 .text.ioctl_or_perror
                0x0000000000407bec       0x84 libbb/lib.a(xfuncs_printf.o)
                0x0000000000407bec                ioctl_or_perror
 .text.bb_ioctl_or_warn
                0x0000000000407c70       0x54 libbb/lib.a(xfuncs_printf.o)
                0x0000000000407c70                bb_ioctl_or_warn
 .text.bb_xioctl
                0x0000000000407cc4       0x4c libbb/lib.a(xfuncs_printf.o)
                0x0000000000407cc4                bb_xioctl
 .text.bb_full_fd_action
                0x0000000000407d10      0x174 libbb/lib.a(copyfd.o)
 .text.bb_copyfd_size
                0x0000000000407e84       0x20 libbb/lib.a(copyfd.o)
                0x0000000000407e84                bb_copyfd_size
 .text.bb_copyfd_exact_size
                0x0000000000407ea4       0x6c libbb/lib.a(copyfd.o)
                0x0000000000407ea4                bb_copyfd_exact_size
 .text.bb_copyfd_eof
                0x0000000000407f10        0xc libbb/lib.a(copyfd.o)
                0x0000000000407f10                bb_copyfd_eof
 .text.bb_error_msg
                0x0000000000407f1c       0x3c libbb/lib.a(error_msg.o)
                0x0000000000407f1c                bb_error_msg
 .text.bb_perror_msg
                0x0000000000407f58       0x7c libbb/lib.a(perror_msg.o)
                0x0000000000407f58                bb_perror_msg
 .text.bb_simple_perror_msg
                0x0000000000407fd4       0x10 libbb/lib.a(perror_msg.o)
                0x0000000000407fd4                bb_simple_perror_msg
 .text.bb_perror_msg_and_die
                0x0000000000407fe4       0x7c libbb/lib.a(perror_msg_and_die.o)
                0x0000000000407fe4                bb_perror_msg_and_die
 .text.bb_simple_perror_msg_and_die
                0x0000000000408060       0x18 libbb/lib.a(perror_msg_and_die.o)
                0x0000000000408060                bb_simple_perror_msg_and_die
 .text.safe_read
                0x0000000000408078       0x90 libbb/lib.a(read.o)
                0x0000000000408078                safe_read
 .text.nonblock_safe_read
                0x0000000000408108       0xac libbb/lib.a(read.o)
                0x0000000000408108                nonblock_safe_read
 .text.full_read
                0x00000000004081b4       0x94 libbb/lib.a(read.o)
                0x00000000004081b4                full_read
 .text.xread    0x0000000000408248       0x44 libbb/lib.a(read.o)
                0x0000000000408248                xread
 .text.read_close
                0x000000000040828c       0x54 libbb/lib.a(read.o)
                0x000000000040828c                read_close
 .text.open_read_close
                0x00000000004082e0       0x60 libbb/lib.a(read.o)
                0x00000000004082e0                open_read_close
 .text.xmalloc_read
                0x0000000000408340      0x188 libbb/lib.a(read.o)
                0x0000000000408340                xmalloc_read
 .text.xmalloc_open_read_close
                0x00000000004084c8       0x7c libbb/lib.a(read.o)
                0x00000000004084c8                xmalloc_open_read_close
 .text.xmalloc_xopen_read_close
                0x0000000000408544       0x40 libbb/lib.a(read.o)
                0x0000000000408544                xmalloc_xopen_read_close
 .text.safe_poll
                0x0000000000408584       0xc0 libbb/lib.a(safe_poll.o)
                0x0000000000408584                safe_poll
 .text.chpasswd_main
                0x0000000000408644      0x250 loginutils/lib.a(chpasswd.o)
                0x0000000000408644                chpasswd_main
 .text.alarm_handler
                0x0000000000408894       0x84 loginutils/lib.a(login.o)
 .text.login_main
                0x0000000000408918      0x67c loginutils/lib.a(login.o)
                0x0000000000408918                login_main
 .text.nuke_str
                0x0000000000408f94       0x64 loginutils/lib.a(passwd.o)
 .text.passwd_main
                0x0000000000408ff8      0x574 loginutils/lib.a(passwd.o)
                0x0000000000408ff8                passwd_main
 .text.taskset_main
                0x000000000040956c      0x330 miscutils/lib.a(taskset.o)
                0x000000000040956c                taskset_main
 .text.ptok     0x000000000040989c       0x44 miscutils/lib.a(time.o)
 .text.run_command
                0x00000000004098e0      0x224 miscutils/lib.a(time.o)
 .text.time_main
                0x0000000000409b04      0x79c miscutils/lib.a(time.o)
                0x0000000000409b04                time_main
 .text.insmod_main
                0x000000000040a2a0      0x224 modutils/lib.a(insmod.o)
                0x000000000040a2a0                insmod_main
 .text.lsmod_main
                0x000000000040a4c4      0x28c modutils/lib.a(lsmod.o)
                0x000000000040a4c4                lsmod_main
 .text.rmmod_main
                0x000000000040a750      0x1ec modutils/lib.a(rmmod.o)
                0x000000000040a750                rmmod_main
 .text.arp_show
                0x000000000040a93c      0x44c networking/lib.a(arp.o)
 .text.arp_main
                0x000000000040ad88      0x880 networking/lib.a(arp.o)
                0x000000000040ad88                arp_main
 .text.ftp_die  0x000000000040b608       0x70 networking/lib.a(ftpgetput.o)
 .text.ftpcmd   0x000000000040b678      0x184 networking/lib.a(ftpgetput.o)
 .text.ftpgetput_main
                0x000000000040b7fc      0x53c networking/lib.a(ftpgetput.o)
                0x000000000040b7fc                ftpgetput_main
 .text.do_sethostname
                0x000000000040bd38      0x124 networking/lib.a(hostname.o)
 .text.hostname_main
                0x000000000040be5c      0x1ec networking/lib.a(hostname.o)
                0x000000000040be5c                hostname_main
 .text.ifconfig_main
                0x000000000040c048      0x63c networking/lib.a(ifconfig.o)
                0x000000000040c048                ifconfig_main
 .text.get_afntype
                0x000000000040c684       0x34 networking/lib.a(interface.o)
 .text.hexchar2int
                0x000000000040c6b8       0x2c networking/lib.a(interface.o)
 .text.ether_input
                0x000000000040c6e4      0x108 networking/lib.a(interface.o)
 .text.add_interface
                0x000000000040c7ec       0xec networking/lib.a(interface.o)
 .text.if_readconf
                0x000000000040c8d8      0x150 networking/lib.a(interface.o)
 .text.if_readlist_proc
                0x000000000040ca28      0x388 networking/lib.a(interface.o)
 .text.do_if_fetch
                0x000000000040cdb0      0x4c8 networking/lib.a(interface.o)
 .text.print_bytes_scaled
                0x000000000040d278       0xac networking/lib.a(interface.o)
 .text.UNSPEC_print
                0x000000000040d324       0xbc networking/lib.a(interface.o)
 .text.UNSPEC_sprint
                0x000000000040d3e0       0x30 networking/lib.a(interface.o)
 .text.INET6_input
                0x000000000040d410       0x18 networking/lib.a(interface.o)
 .text.INET_input
                0x000000000040d428       0x18 networking/lib.a(interface.o)
 .text.INET_sprint
                0x000000000040d440       0x90 networking/lib.a(interface.o)
 .text.INET6_sprint
                0x000000000040d4d0       0x90 networking/lib.a(interface.o)
 .text.ether_print
                0x000000000040d560       0x84 networking/lib.a(interface.o)
 .text.get_aftype
                0x000000000040d5e4       0x78 networking/lib.a(interface.o)
                0x000000000040d5e4                get_aftype
 .text.get_hwtype
                0x000000000040d65c       0x78 networking/lib.a(interface.o)
                0x000000000040d65c                get_hwtype
 .text.get_hwntype
                0x000000000040d6d4       0x34 networking/lib.a(interface.o)
                0x000000000040d6d4                get_hwntype
 .text.ife_print
                0x000000000040d708      0x840 networking/lib.a(interface.o)
 .text.display_interfaces
                0x000000000040df48      0x108 networking/lib.a(interface.o)
                0x000000000040df48                display_interfaces
 .text.prg_cache_get
                0x000000000040e050       0x64 networking/lib.a(netstat.o)
 .text.dir_act  0x000000000040e0b4      0x168 networking/lib.a(netstat.o)
 .text.file_act
                0x000000000040e21c      0x1ac networking/lib.a(netstat.o)
 .text.do_info  0x000000000040e3c8      0x140 networking/lib.a(netstat.o)
 .text.build_ipv4_addr
                0x000000000040e508       0x48 networking/lib.a(netstat.o)
 .text.unix_do_one
                0x000000000040e550      0x39c networking/lib.a(netstat.o)
 .text.build_ipv6_addr
                0x000000000040e8ec       0x94 networking/lib.a(netstat.o)
 .text.scan_inet_proc_line
                0x000000000040e980       0xec networking/lib.a(netstat.o)
 .text.ip_port_str
                0x000000000040ea6c      0x108 networking/lib.a(netstat.o)
 .text.print_inet_line
                0x000000000040eb74      0x17c networking/lib.a(netstat.o)
 .text.raw_do_one
                0x000000000040ecf0       0xa8 networking/lib.a(netstat.o)
 .text.udp_do_one
                0x000000000040ed98       0xc4 networking/lib.a(netstat.o)
 .text.tcp_do_one
                0x000000000040ee5c       0x5c networking/lib.a(netstat.o)
 .text.netstat_main
                0x000000000040eeb8      0x430 networking/lib.a(netstat.o)
                0x000000000040eeb8                netstat_main
 .text.sendping_tail
                0x000000000040f2e8      0x1e8 networking/lib.a(ping.o)
 .text.sendping6
                0x000000000040f4d0       0xe8 networking/lib.a(ping.o)
 .text.sendping4
                0x000000000040f5b8      0x154 networking/lib.a(ping.o)
 .text.unpack_tail
                0x000000000040f70c      0x240 networking/lib.a(ping.o)
 .text.ping6    0x000000000040f94c      0x5c4 networking/lib.a(ping.o)
 .text.ping4    0x000000000040ff10      0x4dc networking/lib.a(ping.o)
 .text.print_stats_and_exit
                0x00000000004103ec      0x24c networking/lib.a(ping.o)
 .text.ping_main
                0x0000000000410638      0x310 networking/lib.a(ping.o)
                0x0000000000410638                ping_main
 .text.ping6_main
                0x0000000000410948       0x20 networking/lib.a(ping.o)
                0x0000000000410948                ping6_main
 .text.set_flags
                0x0000000000410968       0x50 networking/lib.a(route.o)
 .text.kw_lookup
                0x00000000004109b8       0xe0 networking/lib.a(route.o)
 .text.INET6_displayroutes
                0x0000000000410a98      0x2c0 networking/lib.a(route.o)
 .text.bb_displayroutes
                0x0000000000410d58      0x2e4 networking/lib.a(route.o)
                0x0000000000410d58                bb_displayroutes
 .text.route_main
                0x000000000041103c      0x9d0 networking/lib.a(route.o)
                0x000000000041103c                route_main
 .text.make_new_session
                0x0000000000411a0c      0x300 networking/lib.a(telnetd.o)
 .text.free_session
                0x0000000000411d0c      0x124 networking/lib.a(telnetd.o)
 .text.handle_sigchld
                0x0000000000411e30       0x88 networking/lib.a(telnetd.o)
 .text.telnetd_main
                0x0000000000411eb8      0x8e4 networking/lib.a(telnetd.o)
                0x0000000000411eb8                telnetd_main
 .text.tftp_main
                0x000000000041279c      0x704 networking/lib.a(tftp.o)
                0x000000000041279c                tftp_main
 .text.in_cksum
                0x0000000000412ea0       0x58 networking/lib.a(traceroute.o)
 .text.setsin   0x0000000000412ef8       0x54 networking/lib.a(traceroute.o)
 .text.freehostinfo
                0x0000000000412f4c       0x64 networking/lib.a(traceroute.o)
 .text.ifaddrlist
                0x0000000000412fb0      0x2ac networking/lib.a(traceroute.o)
 .text.findsaddr
                0x000000000041325c      0x200 networking/lib.a(traceroute.o)
 .text.gethostinfo
                0x000000000041345c      0x190 networking/lib.a(traceroute.o)
 .text.is_public_ip
                0x00000000004135ec      0x1b4 networking/lib.a(traceroute.o)
 .text.print_site
                0x00000000004137a0       0xcc networking/lib.a(traceroute.o)
                0x00000000004137a0                print_site
 .text.traceroute_main
                0x000000000041386c      0xfd8 networking/lib.a(traceroute.o)
                0x000000000041386c                traceroute_main
 .text.xfind_str
                0x0000000000414844       0x80 networking/lib.a(vconfig.o)
 .text.vconfig_main
                0x00000000004148c4      0x1c4 networking/lib.a(vconfig.o)
                0x00000000004148c4                vconfig_main
 .text.base64enc_512
                0x0000000000414a88       0x6c networking/lib.a(wget.o)
 .text.parse_url
                0x0000000000414af4      0x21c networking/lib.a(wget.o)
 .text.open_socket
                0x0000000000414d10       0x68 networking/lib.a(wget.o)
 .text.progressmeter
                0x0000000000414d78      0x5fc networking/lib.a(wget.o)
 .text.ftpcmd   0x0000000000415374      0x138 networking/lib.a(wget.o)
 .text.gethdr.constprop.0
                0x00000000004154ac      0x1f0 networking/lib.a(wget.o)
 .text.safe_fgets.constprop.1
                0x000000000041569c       0xc4 networking/lib.a(wget.o)
 .text.wget_main
                0x0000000000415760      0xe28 networking/lib.a(wget.o)
                0x0000000000415760                wget_main
 .text.free_main
                0x0000000000416588      0x250 procps/lib.a(free.o)
                0x0000000000416588                free_main
 .text.kill_main
                0x00000000004167d8      0x45c procps/lib.a(kill.o)
                0x00000000004167d8                kill_main
 .text.pidof_main
                0x0000000000416c34      0x124 procps/lib.a(pidof.o)
                0x0000000000416c34                pidof_main
 .text.ps_main  0x0000000000416d58      0x16c procps/lib.a(ps.o)
                0x0000000000416d58                ps_main
 .text.renice_main
                0x0000000000416ec4      0x26c procps/lib.a(renice.o)
                0x0000000000416ec4                renice_main
 .text.pid_sort
                0x0000000000417130       0x10 procps/lib.a(top.o)
 .text.mem_sort
                0x0000000000417140       0x28 procps/lib.a(top.o)
 .text.pcpu_sort
                0x0000000000417168       0x10 procps/lib.a(top.o)
 .text.time_sort
                0x0000000000417178       0x28 procps/lib.a(top.o)
 .text.mult_lvl_cmp
                0x00000000004171a0       0xa4 procps/lib.a(top.o)
 .text.topmem_sort
                0x0000000000417244       0x74 procps/lib.a(top.o)
 .text.reset_term
                0x00000000004172b8       0x20 procps/lib.a(top.o)
 .text.read_cpu_jiffy
                0x00000000004172d8      0x1a4 procps/lib.a(top.o)
 .text.get_jiffy_counts
                0x000000000041747c      0x228 procps/lib.a(top.o)
 .text.do_stats
                0x00000000004176a4      0x164 procps/lib.a(top.o)
 .text.display_process_list
                0x0000000000417808      0x908 procps/lib.a(top.o)
 .text.display_topmem_header
                0x0000000000418110      0x254 procps/lib.a(top.o)
 .text.ulltoa6_and_space
                0x0000000000418364       0x3c procps/lib.a(top.o)
 .text.display_topmem_process_list
                0x00000000004183a0      0x298 procps/lib.a(top.o)
 .text.clearmems
                0x0000000000418638       0x6c procps/lib.a(top.o)
 .text.handle_input
                0x00000000004186a4      0x2f8 procps/lib.a(top.o)
 .text.sig_catcher
                0x000000000041899c       0x34 procps/lib.a(top.o)
 .text.top_main
                0x00000000004189d0      0x684 procps/lib.a(top.o)
                0x00000000004189d0                top_main
 .text.stunalloc
                0x0000000000419054       0x24 shell/lib.a(ash.o)
 .text.setstackmark
                0x0000000000419078       0x44 shell/lib.a(ash.o)
 .text.prefix   0x00000000004190bc       0x3c shell/lib.a(ash.o)
 .text.is_number
                0x00000000004190f8       0x3c shell/lib.a(ash.o)
 .text.varcmp   0x0000000000419134       0x60 shell/lib.a(ash.o)
 .text.varequal
                0x0000000000419194       0x20 shell/lib.a(ash.o)
 .text.hashvar  0x00000000004191b4       0x58 shell/lib.a(ash.o)
 .text.vpcmp    0x000000000041920c       0x10 shell/lib.a(ash.o)
 .text.findvar  0x000000000041921c       0x64 shell/lib.a(ash.o)
 .text.setprompt
                0x0000000000419280       0x54 shell/lib.a(ash.o)
 .text.set_curjob
                0x00000000004192d4       0x88 shell/lib.a(ash.o)
 .text.jobno    0x000000000041935c       0x28 shell/lib.a(ash.o)
 .text.getstatus
                0x0000000000419384       0x6c shell/lib.a(ash.o)
 .text.esclen   0x00000000004193f0       0x34 shell/lib.a(ash.o)
 .text.falsecmd
                0x0000000000419424        0x8 shell/lib.a(ash.o)
 .text.truecmd  0x000000000041942c        0x8 shell/lib.a(ash.o)
 .text.bltincmd
                0x0000000000419434       0x10 shell/lib.a(ash.o)
 .text.pungetc  0x0000000000419444       0x2c shell/lib.a(ash.o)
 .text.lookupvar
                0x0000000000419470       0x70 shell/lib.a(ash.o)
 .text.bltinlookup
                0x00000000004194e0       0xa0 shell/lib.a(ash.o)
 .text.calcsize
                0x0000000000419580      0x174 shell/lib.a(ash.o)
 .text.sizenodelist
                0x00000000004196f4       0x54 shell/lib.a(ash.o)
 .text.ignoresig
                0x0000000000419748       0x7c shell/lib.a(ash.o)
 .text.SIT      0x00000000004197c4       0xc8 shell/lib.a(ash.o)
 .text.freealias
                0x000000000041988c       0x94 shell/lib.a(ash.o)
 .text.freefunc
                0x0000000000419920       0x38 shell/lib.a(ash.o)
 .text.endofname
                0x0000000000419958       0xac shell/lib.a(ash.o)
 .text.goodname
                0x0000000000419a04       0x24 shell/lib.a(ash.o)
 .text.isassignment
                0x0000000000419a28       0x40 shell/lib.a(ash.o)
 .text.scanright
                0x0000000000419a68      0x110 shell/lib.a(ash.o)
 .text.scanleft
                0x0000000000419b78       0xd0 shell/lib.a(ash.o)
 .text.__lookupalias
                0x0000000000419c48       0xb8 shell/lib.a(ash.o)
 .text.lookupalias
                0x0000000000419d00       0x54 shell/lib.a(ash.o)
 .text.msort    0x0000000000419d54      0x10c shell/lib.a(ash.o)
 .text.pstrcmp  0x0000000000419e60       0x1c shell/lib.a(ash.o)
 .text.setsignal
                0x0000000000419e7c      0x248 shell/lib.a(ash.o)
 .text.nodeckstrdup
                0x000000000041a0c4       0x7c shell/lib.a(ash.o)
 .text.copynode
                0x000000000041a140      0x150 shell/lib.a(ash.o)
 .text.copynodelist
                0x000000000041a290       0x7c shell/lib.a(ash.o)
 .text.raise_exception
                0x000000000041a30c       0x44 shell/lib.a(ash.o)
 .text.raise_interrupt
                0x000000000041a350       0xc4 shell/lib.a(ash.o)
 .text.int_on   0x000000000041a414       0x48 shell/lib.a(ash.o)
 .text.clearcmdentry
                0x000000000041a45c      0x104 shell/lib.a(ash.o)
 .text.changepath
                0x000000000041a560      0x164 shell/lib.a(ash.o)
 .text.fmtstr   0x000000000041a6c4       0x5c shell/lib.a(ash.o)
 .text.sprint_status
                0x000000000041a720      0x124 shell/lib.a(ash.o)
 .text.removerecordregions
                0x000000000041a844      0x198 shell/lib.a(ash.o)
 .text.freejob  0x000000000041a9dc       0xf4 shell/lib.a(ash.o)
 .text.unalias  0x000000000041aad0       0x60 shell/lib.a(ash.o)
 .text.popstring
                0x000000000041ab30      0x138 shell/lib.a(ash.o)
 .text.popfile  0x000000000041ac68       0xf8 shell/lib.a(ash.o)
 .text.popallfiles
                0x000000000041ad60       0x4c shell/lib.a(ash.o)
 .text.outstr   0x000000000041adac       0x44 shell/lib.a(ash.o)
 .text.out1str  0x000000000041adf0       0x1c shell/lib.a(ash.o)
 .text.flush_stderr
                0x000000000041ae0c       0x48 shell/lib.a(ash.o)
 .text.out2str  0x000000000041ae54       0x34 shell/lib.a(ash.o)
 .text.stoppedjobs
                0x000000000041ae88       0x68 shell/lib.a(ash.o)
 .text.dowait   0x000000000041aef0      0x1ec shell/lib.a(ash.o)
 .text.popstackmark
                0x000000000041b0dc       0xc4 shell/lib.a(ash.o)
 .text.flush_stdout_stderr
                0x000000000041b1a0       0x64 shell/lib.a(ash.o)
 .text.delete_cmd_entry
                0x000000000041b204       0x90 shell/lib.a(ash.o)
 .text.onsig    0x000000000041b294       0x84 shell/lib.a(ash.o)
 .text.force_int_on
                0x000000000041b318       0x34 shell/lib.a(ash.o)
 .text.noclobberopen
                0x000000000041b34c      0x14c shell/lib.a(ash.o)
 .text.errmsg   0x000000000041b498       0x38 shell/lib.a(ash.o)
 .text.pgetc    0x000000000041b4d0      0x3b0 shell/lib.a(ash.o)
 .text.pgetc2   0x000000000041b880       0x30 shell/lib.a(ash.o)
 .text.tokname  0x000000000041b8b0       0x88 shell/lib.a(ash.o)
 .text.findkwd  0x000000000041b938       0x48 shell/lib.a(ash.o)
 .text.find_builtin
                0x000000000041b980       0x48 shell/lib.a(ash.o)
 .text.out1fmt  0x000000000041b9c8       0x58 shell/lib.a(ash.o)
 .text.printlim
                0x000000000041ba20       0x90 shell/lib.a(ash.o)
 .text.timescmd
                0x000000000041bab0      0x124 shell/lib.a(ash.o)
 .text.testcmd  0x000000000041bbd4       0x10 shell/lib.a(ash.o)
 .text.evalbltin
                0x000000000041bbe4      0x144 shell/lib.a(ash.o)
 .text.outcslow.constprop.4
                0x000000000041bd28       0xb0 shell/lib.a(ash.o)
 .text.showpipe
                0x000000000041bdd8       0x98 shell/lib.a(ash.o)
 .text.showjob  0x000000000041be70      0x27c shell/lib.a(ash.o)
 .text.showjobs
                0x000000000041c0ec       0xa4 shell/lib.a(ash.o)
 .text.ash_vmsg
                0x000000000041c190      0x12c shell/lib.a(ash.o)
 .text.ash_msg  0x000000000041c2bc       0x30 shell/lib.a(ash.o)
 .text.ash_vmsg_and_raise
                0x000000000041c2ec       0x2c shell/lib.a(ash.o)
 .text.ash_msg_and_raise_error
                0x000000000041c318       0x28 shell/lib.a(ash.o)
 .text.ckrealloc
                0x000000000041c340       0x40 shell/lib.a(ash.o)
 .text.ckmalloc
                0x000000000041c380        0xc shell/lib.a(ash.o)
 .text.recordregion
                0x000000000041c38c       0x98 shell/lib.a(ash.o)
 .text.cmdlookup
                0x000000000041c424      0x12c shell/lib.a(ash.o)
 .text.pushfile
                0x000000000041c550       0x84 shell/lib.a(ash.o)
 .text.setinputstring
                0x000000000041c5d4       0x78 shell/lib.a(ash.o)
 .text.pushstring
                0x000000000041c64c       0xe0 shell/lib.a(ash.o)
 .text.tryexec  0x000000000041c72c      0x144 shell/lib.a(ash.o)
 .text.makejob.isra.0
                0x000000000041c870      0x22c shell/lib.a(ash.o)
 .text.varunset
                0x000000000041ca9c       0x7c shell/lib.a(ash.o)
 .text.ckstrdup
                0x000000000041cb18       0x40 shell/lib.a(ash.o)
 .text.setvareq
                0x000000000041cb58      0x19c shell/lib.a(ash.o)
 .text.listsetvar
                0x000000000041ccf4       0x74 shell/lib.a(ash.o)
 .text.setvar   0x000000000041cd68      0x144 shell/lib.a(ash.o)
 .text.arith    0x000000000041ceac      0x834 shell/lib.a(ash.o)
 .text.arith_lookup_val
                0x000000000041d6e0       0xec shell/lib.a(ash.o)
 .text.unsetvar
                0x000000000041d7cc      0x104 shell/lib.a(ash.o)
 .text.localcmd
                0x000000000041d8d0      0x1bc shell/lib.a(ash.o)
 .text.setpwd   0x000000000041da8c      0x154 shell/lib.a(ash.o)
 .text.xtcsetpgrp
                0x000000000041dbe0       0x40 shell/lib.a(ash.o)
 .text.waitforjob
                0x000000000041dc20       0xc8 shell/lib.a(ash.o)
 .text.setjobctl
                0x000000000041dce8      0x234 shell/lib.a(ash.o)
 .text.optschanged
                0x000000000041df1c       0x68 shell/lib.a(ash.o)
 .text.copyfd   0x000000000041df84       0x70 shell/lib.a(ash.o)
 .text.popredir
                0x000000000041dff4      0x14c shell/lib.a(ash.o)
 .text.clearredir
                0x000000000041e140       0x58 shell/lib.a(ash.o)
 .text.raise_error_syntax
                0x000000000041e198       0x18 shell/lib.a(ash.o)
 .text.raise_error_unexpected_syntax
                0x000000000041e1b0       0x84 shell/lib.a(ash.o)
 .text.dash_arith
                0x000000000041e234       0xa0 shell/lib.a(ash.o)
 .text.stalloc  0x000000000041e2d4       0xdc shell/lib.a(ash.o)
 .text.ststrdup
                0x000000000041e3b0       0x50 shell/lib.a(ash.o)
 .text.addfname
                0x000000000041e400       0x54 shell/lib.a(ash.o)
 .text.expmeta  0x000000000041e454      0x394 shell/lib.a(ash.o)
 .text.makename
                0x000000000041e7e8       0x48 shell/lib.a(ash.o)
 .text.fixredir
                0x000000000041e830       0x9c shell/lib.a(ash.o)
 .text.growstackblock
                0x000000000041e8cc      0x190 shell/lib.a(ash.o)
 .text.makestrspace
                0x000000000041ea5c       0x74 shell/lib.a(ash.o)
 .text.memtodest
                0x000000000041ead0       0xf0 shell/lib.a(ash.o)
 .text.stack_nputstr
                0x000000000041ebc0       0x64 shell/lib.a(ash.o)
 .text.stack_putstr
                0x000000000041ec24       0x48 shell/lib.a(ash.o)
 .text.cvtnum   0x000000000041ec6c       0x5c shell/lib.a(ash.o)
 .text.cmdputs  0x000000000041ecc8      0x2c8 shell/lib.a(ash.o)
 .text.cmdtxt   0x000000000041ef90      0x384 shell/lib.a(ash.o)
 .text.cmdlist  0x000000000041f314       0x88 shell/lib.a(ash.o)
 .text._rmescapes
                0x000000000041f39c      0x1dc shell/lib.a(ash.o)
 .text.preglob  0x000000000041f578       0x14 shell/lib.a(ash.o)
 .text.single_quote
                0x000000000041f58c      0x130 shell/lib.a(ash.o)
 .text.printalias
                0x000000000041f6bc       0x34 shell/lib.a(ash.o)
 .text.aliascmd
                0x000000000041f6f0      0x200 shell/lib.a(ash.o)
 .text.growstackstr
                0x000000000041f8f0       0x74 shell/lib.a(ash.o)
 .text._STPUTC  0x000000000041f964       0x3c shell/lib.a(ash.o)
 .text.listvars
                0x000000000041f9a0      0x110 shell/lib.a(ash.o)
 .text.showvars
                0x000000000041fab0      0x128 shell/lib.a(ash.o)
 .text.padvance
                0x000000000041fbd8      0x1b0 shell/lib.a(ash.o)
 .text.readtoken1
                0x000000000041fd88      0xff8 shell/lib.a(ash.o)
 .text.parseheredoc
                0x0000000000420d80       0xe4 shell/lib.a(ash.o)
 .text.xxreadtoken
                0x0000000000420e64      0x290 shell/lib.a(ash.o)
 .text.readtoken
                0x00000000004210f4      0x158 shell/lib.a(ash.o)
 .text.parsefname
                0x000000000042124c      0x1d4 shell/lib.a(ash.o)
 .text.peektoken
                0x0000000000421420       0x40 shell/lib.a(ash.o)
 .text.list     0x0000000000421460      0x224 shell/lib.a(ash.o)
 .text.parse_command
                0x0000000000421684      0x75c shell/lib.a(ash.o)
 .text.pipeline
                0x0000000000421de0      0x120 shell/lib.a(ash.o)
 .text.parsecmd
                0x0000000000421f00       0x7c shell/lib.a(ash.o)
 .text.forkshell
                0x0000000000421f7c      0x3fc shell/lib.a(ash.o)
 .text.nextopt  0x0000000000422378      0x13c shell/lib.a(ash.o)
 .text.unsetcmd
                0x00000000004224b4       0xe8 shell/lib.a(ash.o)
 .text.unaliascmd
                0x000000000042259c      0x16c shell/lib.a(ash.o)
 .text.cdopt    0x0000000000422708       0x64 shell/lib.a(ash.o)
 .text.pwdcmd   0x000000000042276c       0x6c shell/lib.a(ash.o)
 .text.exportcmd
                0x00000000004227d8      0x130 shell/lib.a(ash.o)
 .text.number   0x0000000000422908       0x48 shell/lib.a(ash.o)
 .text.returncmd
                0x0000000000422950       0x40 shell/lib.a(ash.o)
 .text.exitcmd  0x0000000000422990       0x60 shell/lib.a(ash.o)
 .text.getjob   0x00000000004229f0      0x200 shell/lib.a(ash.o)
 .text.jobscmd  0x0000000000422bf0       0xe8 shell/lib.a(ash.o)
 .text.waitcmd  0x0000000000422cd8      0x1cc shell/lib.a(ash.o)
 .text.fg_bgcmd
                0x0000000000422ea4      0x1d0 shell/lib.a(ash.o)
 .text.killcmd  0x0000000000423074       0xf8 shell/lib.a(ash.o)
 .text.shiftcmd
                0x000000000042316c      0x124 shell/lib.a(ash.o)
 .text.letcmd   0x0000000000423290       0x54 shell/lib.a(ash.o)
 .text.breakcmd
                0x00000000004232e4       0xb4 shell/lib.a(ash.o)
 .text.umaskcmd
                0x0000000000423398      0x258 shell/lib.a(ash.o)
 .text.ulimitcmd
                0x00000000004235f0      0x2f8 shell/lib.a(ash.o)
 .text.setinputfile
                0x00000000004238e8      0x13c shell/lib.a(ash.o)
 .text.trapcmd  0x0000000000423a24      0x1d8 shell/lib.a(ash.o)
 .text.readcmd  0x0000000000423bfc      0x324 shell/lib.a(ash.o)
 .text.cdcmd    0x0000000000423f20      0x4f0 shell/lib.a(ash.o)
 .text.ash_msg_and_raise
                0x0000000000424410       0x1c shell/lib.a(ash.o)
 .text.shellexec
                0x000000000042442c      0x170 shell/lib.a(ash.o)
 .text.execcmd  0x000000000042459c       0x54 shell/lib.a(ash.o)
 .text.freeparam.constprop.5
                0x00000000004245f0       0x88 shell/lib.a(ash.o)
 .text.setparam
                0x0000000000424678       0xb0 shell/lib.a(ash.o)
 .text.options  0x0000000000424728      0x35c shell/lib.a(ash.o)
 .text.setcmd   0x0000000000424a84       0x8c shell/lib.a(ash.o)
 .text.expandarg
                0x0000000000424b10      0x59c shell/lib.a(ash.o)
 .text.expredir
                0x00000000004250ac       0xd8 shell/lib.a(ash.o)
 .text.redirect
                0x0000000000425184      0x544 shell/lib.a(ash.o)
 .text.redirectsafe
                0x00000000004256c8       0xe8 shell/lib.a(ash.o)
 .text.evaltree
                0x00000000004257b0      0x384 shell/lib.a(ash.o)
 .text.evalstring
                0x0000000000425b34       0xa8 shell/lib.a(ash.o)
 .text.evalcmd  0x0000000000425bdc       0xa4 shell/lib.a(ash.o)
 .text.exitshell
                0x0000000000425c80       0xa0 shell/lib.a(ash.o)
 .text.argstr   0x0000000000425d20      0x734 shell/lib.a(ash.o)
 .text.subevalvar
                0x0000000000426454      0x200 shell/lib.a(ash.o)
 .text.evalvar  0x0000000000426654      0x6f4 shell/lib.a(ash.o)
 .text.evalloop
                0x0000000000426d48      0x158 shell/lib.a(ash.o)
 .text.cmdloop  0x0000000000426ea0      0x178 shell/lib.a(ash.o)
 .text.find_command
                0x0000000000427018      0x4b0 shell/lib.a(ash.o)
 .text.typecmd  0x00000000004274c8      0x2f4 shell/lib.a(ash.o)
 .text.hashcmd  0x00000000004277bc      0x214 shell/lib.a(ash.o)
 .text.evalpipe
                0x00000000004279d0      0x290 shell/lib.a(ash.o)
 .text.dotcmd   0x0000000000427c60      0x1cc shell/lib.a(ash.o)
 .text.read_profile
                0x0000000000427e2c       0x50 shell/lib.a(ash.o)
 .text.evalfun  0x0000000000427e7c      0x2f0 shell/lib.a(ash.o)
 .text.evalsubshell
                0x000000000042816c       0xec shell/lib.a(ash.o)
 .text.evalcase
                0x0000000000428258      0x1c8 shell/lib.a(ash.o)
 .text.evalfor  0x0000000000428420      0x178 shell/lib.a(ash.o)
 .text.evalcommand
                0x0000000000428598      0x574 shell/lib.a(ash.o)
 .text.ash_main
                0x0000000000428b0c      0x650 shell/lib.a(ash.o)
                0x0000000000428b0c                ash_main
 .text.dmesg_main
                0x000000000042915c      0x1b4 util-linux/lib.a(dmesg.o)
                0x000000000042915c                dmesg_main
 .text.str_units
                0x0000000000429310       0x5c util-linux/lib.a(fdisk.o)
 .text.valid_part_table_flag
                0x000000000042936c       0x28 util-linux/lib.a(fdisk.o)
 .text.store4_little_endian
                0x0000000000429394       0x20 util-linux/lib.a(fdisk.o)
 .text.read4_little_endian
                0x00000000004293b4       0x34 util-linux/lib.a(fdisk.o)
 .text.set_start_sect
                0x00000000004293e8        0x8 util-linux/lib.a(fdisk.o)
 .text.get_start_sect
                0x00000000004293f0        0x8 util-linux/lib.a(fdisk.o)
 .text.set_nr_sects
                0x00000000004293f8        0x8 util-linux/lib.a(fdisk.o)
 .text.get_nr_sects
                0x0000000000429400        0x8 util-linux/lib.a(fdisk.o)
 .text.get_partition_start
                0x0000000000429408       0x34 util-linux/lib.a(fdisk.o)
 .text.get_sys_types
                0x000000000042943c        0xc util-linux/lib.a(fdisk.o)
 .text.partition_type
                0x0000000000429448       0x60 util-linux/lib.a(fdisk.o)
 .text.is_cleared_partition
                0x00000000004294a8       0xd0 util-linux/lib.a(fdisk.o)
 .text.set_partition
                0x0000000000429578      0x2e8 util-linux/lib.a(fdisk.o)
 .text.update_units
                0x0000000000429860       0x3c util-linux/lib.a(fdisk.o)
 .text.linear2chs
                0x000000000042989c       0x84 util-linux/lib.a(fdisk.o)
 .text.fill_bounds
                0x0000000000429920      0x144 util-linux/lib.a(fdisk.o)
 .text.close_dev_fd
                0x0000000000429a64       0x3c util-linux/lib.a(fdisk.o)
 .text.list_disk_geometry
                0x0000000000429aa0      0x1b0 util-linux/lib.a(fdisk.o)
 .text.list_types
                0x0000000000429c50      0x148 util-linux/lib.a(fdisk.o)
 .text.check_consistency
                0x0000000000429d98      0x280 util-linux/lib.a(fdisk.o)
 .text.unknown_command
                0x000000000042a018       0x1c util-linux/lib.a(fdisk.o)
 .text.is_ide_cdrom_or_tape
                0x000000000042a034      0x144 util-linux/lib.a(fdisk.o)
 .text.warn_geometry
                0x000000000042a178       0xec util-linux/lib.a(fdisk.o)
 .text.fdisk_fatal
                0x000000000042a264       0x60 util-linux/lib.a(fdisk.o)
 .text.clear_partition
                0x000000000042a2c4       0x24 util-linux/lib.a(fdisk.o)
 .text.delete_partition
                0x000000000042a2e8      0x284 util-linux/lib.a(fdisk.o)
 .text.seek_sector
                0x000000000042a56c       0x7c util-linux/lib.a(fdisk.o)
 .text.read_line
                0x000000000042a5e8       0xd0 util-linux/lib.a(fdisk.o)
 .text.read_nonempty
                0x000000000042a6b8       0x40 util-linux/lib.a(fdisk.o)
 .text.verify   0x000000000042a6f8      0x6bc util-linux/lib.a(fdisk.o)
 .text.menu     0x000000000042adb4      0x178 util-linux/lib.a(fdisk.o)
 .text.get_boot
                0x000000000042af2c      0x95c util-linux/lib.a(fdisk.o)
 .text.create_doslabel
                0x000000000042b888       0xac util-linux/lib.a(fdisk.o)
 .text.read_int
                0x000000000042b934      0x368 util-linux/lib.a(fdisk.o)
 .text.get_partition
                0x000000000042bc9c       0xa4 util-linux/lib.a(fdisk.o)
 .text.get_existing_partition
                0x000000000042bd40      0x110 util-linux/lib.a(fdisk.o)
 .text.add_partition
                0x000000000042be50      0xa28 util-linux/lib.a(fdisk.o)
 .text.add_logical
                0x000000000042c878       0xc0 util-linux/lib.a(fdisk.o)
 .text.get_nonexisting_partition.constprop.4
                0x000000000042c938      0x118 util-linux/lib.a(fdisk.o)
 .text.list_table.isra.0
                0x000000000042ca50      0x4f0 util-linux/lib.a(fdisk.o)
 .text.open_list_and_close
                0x000000000042cf40      0x13c util-linux/lib.a(fdisk.o)
 .text.list_devs_in_proc_partititons
                0x000000000042d07c      0x124 util-linux/lib.a(fdisk.o)
 .text.fdisk_main
                0x000000000042d1a0      0x958 util-linux/lib.a(fdisk.o)
                0x000000000042d1a0                fdisk_main
 .text.hexdump_main
                0x000000000042daf8      0x330 util-linux/lib.a(hexdump.o)
                0x000000000042daf8                hexdump_main
 .text.dirAction
                0x000000000042de28       0x10 util-linux/lib.a(mdev.o)
 .text.make_device
                0x000000000042de38      0x534 util-linux/lib.a(mdev.o)
 .text.fileAction
                0x000000000042e36c       0xa4 util-linux/lib.a(mdev.o)
 .text.mdev_main
                0x000000000042e410      0x348 util-linux/lib.a(mdev.o)
                0x000000000042e410                mdev_main
 .text.gotsig   0x000000000042e758       0x64 util-linux/lib.a(more.o)
 .text.more_main
                0x000000000042e7bc      0x610 util-linux/lib.a(more.o)
                0x000000000042e7bc                more_main
 .text.verbose_mount
                0x000000000042edcc       0xc8 util-linux/lib.a(mount.o)
 .text.parse_mount_options
                0x000000000042ee94      0x1b8 util-linux/lib.a(mount.o)
 .text.append_mount_options
                0x000000000042f04c      0x1c0 util-linux/lib.a(mount.o)
 .text.resolve_mount_spec
                0x000000000042f20c       0xb0 util-linux/lib.a(mount.o)
 .text.error_msg_rpc
                0x000000000042f2bc       0x9c util-linux/lib.a(mount.o)
 .text.nfs_strerror
                0x000000000042f358       0x6c util-linux/lib.a(mount.o)
 .text.daemonize
                0x000000000042f3c4       0xec util-linux/lib.a(mount.o)
 .text.xdr_fhstatus
                0x000000000042f4b0       0x78 util-linux/lib.a(mount.o)
 .text.xdr_mountres3
                0x000000000042f528       0xc4 util-linux/lib.a(mount.o)
 .text.xdr_dirpath
                0x000000000042f5ec       0x30 util-linux/lib.a(mount.o)
 .text.mount_it_now
                0x000000000042f61c      0x248 util-linux/lib.a(mount.o)
 .text.singlemount
                0x000000000042f864     0x17d0 util-linux/lib.a(mount.o)
 .text.mount_main
                0x0000000000431034      0x5b0 util-linux/lib.a(mount.o)
                0x0000000000431034                mount_main
 .text.umount_main
                0x00000000004315e4      0x3dc util-linux/lib.a(umount.o)
                0x00000000004315e4                umount_main
 .text.uuidcache_check_device
                0x00000000004319c0      0x334 util-linux/volume_id/lib.a(get_devname.o)
 .text.uuidcache_init
                0x0000000000431cf4      0x454 util-linux/volume_id/lib.a(get_devname.o)
 .text.get_devname_from_label
                0x0000000000432148       0xc4 util-linux/volume_id/lib.a(get_devname.o)
                0x0000000000432148                get_devname_from_label
 .text.get_devname_from_uuid
                0x000000000043220c       0x94 util-linux/volume_id/lib.a(get_devname.o)
                0x000000000043220c                get_devname_from_uuid
 .text.volume_id_probe_all
                0x00000000004322a0       0x44 util-linux/volume_id/lib.a(volume_id.o)
                0x00000000004322a0                volume_id_probe_all
 .text.volume_id_open_node
                0x00000000004322e4       0x54 util-linux/volume_id/lib.a(volume_id.o)
                0x00000000004322e4                volume_id_open_node
 .text.free_volume_id
                0x0000000000432338       0x70 util-linux/volume_id/lib.a(volume_id.o)
                0x0000000000432338                free_volume_id
 .text.volume_id_get_buffer
                0x00000000004323a8      0x208 util-linux/volume_id/lib.a(util.o)
                0x00000000004323a8                volume_id_get_buffer
 .text.volume_id_free_buffer
                0x00000000004325b0       0x60 util-linux/volume_id/lib.a(util.o)
                0x00000000004325b0                volume_id_free_buffer
 .text.unpack_bunzip2
                0x0000000000432610       0x14 archival/lib.a(bbunzip.o)
 .text.open_to_or_warn
                0x0000000000432624       0x58 archival/lib.a(bbunzip.o)
 .text.make_new_name_bunzip2
                0x000000000043267c       0x78 archival/lib.a(bbunzip.o)
 .text.bbunpack
                0x00000000004326f4      0x30c archival/lib.a(bbunzip.o)
                0x00000000004326f4                bbunpack
 .text.bunzip2_main
                0x0000000000432a00       0x98 archival/lib.a(bbunzip.o)
                0x0000000000432a00                bunzip2_main
 .text.bi_reverse
                0x0000000000432a98       0x28 archival/lib.a(gzip.o)
 .text.init_block
                0x0000000000432ac0       0x78 archival/lib.a(gzip.o)
 .text.pqdownheap
                0x0000000000432b38      0x11c archival/lib.a(gzip.o)
 .text.gen_codes
                0x0000000000432c54       0xbc archival/lib.a(gzip.o)
 .text.build_tree
                0x0000000000432d10      0x4d0 archival/lib.a(gzip.o)
 .text.scan_tree
                0x00000000004331e0      0x14c archival/lib.a(gzip.o)
 .text.ct_tally
                0x000000000043332c      0x1c0 archival/lib.a(gzip.o)
 .text.file_read
                0x00000000004334ec       0x98 archival/lib.a(gzip.o)
 .text.fill_window
                0x0000000000433584      0x184 archival/lib.a(gzip.o)
 .text.flush_outbuf
                0x0000000000433708       0x48 archival/lib.a(gzip.o)
 .text.put_16bit
                0x0000000000433750       0xb0 archival/lib.a(gzip.o)
 .text.send_bits
                0x0000000000433800       0x98 archival/lib.a(gzip.o)
 .text.send_tree
                0x0000000000433898      0x1f0 archival/lib.a(gzip.o)
 .text.compress_block
                0x0000000000433a88      0x1ec archival/lib.a(gzip.o)
 .text.put_32bit
                0x0000000000433c74       0x2c archival/lib.a(gzip.o)
 .text.bi_windup
                0x0000000000433ca0       0x88 archival/lib.a(gzip.o)
 .text.make_new_name_gzip
                0x0000000000433d28       0x18 archival/lib.a(gzip.o)
 .text.flush_block
                0x0000000000433d40      0x2ec archival/lib.a(gzip.o)
 .text.pack_gzip
                0x000000000043402c      0x8a8 archival/lib.a(gzip.o)
 .text.gzip_main
                0x00000000004348d4      0x1a0 archival/lib.a(gzip.o)
                0x00000000004348d4                gzip_main
 .text.gnu_dev_major
                0x0000000000434a74       0x18 archival/lib.a(tar.o)
 .text.gnu_dev_minor
                0x0000000000434a8c       0x20 archival/lib.a(tar.o)
 .text.vfork_compressor
                0x0000000000434aac      0x198 archival/lib.a(tar.o)
 .text.writeTarFile
                0x0000000000434c44      0x1f8 archival/lib.a(tar.o)
 .text.putOctal
                0x0000000000434e3c       0x88 archival/lib.a(tar.o)
 .text.chksum_and_xwrite
                0x0000000000434ec4       0xb8 archival/lib.a(tar.o)
 .text.writeLongname
                0x0000000000434f7c      0x148 archival/lib.a(tar.o)
 .text.writeTarHeader
                0x00000000004350c4      0x408 archival/lib.a(tar.o)
 .text.writeFileToTarball
                0x00000000004354cc      0x348 archival/lib.a(tar.o)
 .text.tar_main
                0x0000000000435814      0x3b0 archival/lib.a(tar.o)
                0x0000000000435814                tar_main
 .text.unzip_create_leading_dirs
                0x0000000000435bc4       0x90 archival/lib.a(unzip.o)
 .text.unzip_skip
                0x0000000000435c54       0x10 archival/lib.a(unzip.o)
 .text.unzip_main
                0x0000000000435c64      0x958 archival/lib.a(unzip.o)
                0x0000000000435c64                unzip_main
 .text.data_extract_all
                0x00000000004365bc      0x4e8 archival/libunarchive/lib.a(data_extract_all.o)
                0x00000000004365bc                data_extract_all
 .text.data_extract_to_stdout
                0x0000000000436aa4       0x20 archival/libunarchive/lib.a(data_extract_to_stdout.o)
                0x0000000000436aa4                data_extract_to_stdout
 .text.data_skip
                0x0000000000436ac4       0x14 archival/libunarchive/lib.a(data_skip.o)
                0x0000000000436ac4                data_skip
 .text.get_bits
                0x0000000000436ad8      0x13c archival/libunarchive/lib.a(decompress_bunzip2.o)
 .text.get_next_block
                0x0000000000436c14      0x8cc archival/libunarchive/lib.a(decompress_bunzip2.o)
 .text.read_bunzip
                0x00000000004374e0      0x1bc archival/libunarchive/lib.a(decompress_bunzip2.o)
                0x00000000004374e0                read_bunzip
 .text.start_bunzip
                0x000000000043769c      0x15c archival/libunarchive/lib.a(decompress_bunzip2.o)
                0x000000000043769c                start_bunzip
 .text.dealloc_bunzip
                0x00000000004377f8       0x4c archival/libunarchive/lib.a(decompress_bunzip2.o)
                0x00000000004377f8                dealloc_bunzip
 .text.unpack_bz2_stream
                0x0000000000437844      0x164 archival/libunarchive/lib.a(decompress_bunzip2.o)
                0x0000000000437844                unpack_bz2_stream
 .text.unpack_bz2_stream_prime
                0x00000000004379a8       0x7c archival/libunarchive/lib.a(decompress_bunzip2.o)
                0x00000000004379a8                unpack_bz2_stream_prime
 .text.inflate_codes_setup
                0x0000000000437a24       0x50 archival/libunarchive/lib.a(decompress_unzip.o)
 .text.calculate_gunzip_crc
                0x0000000000437a74       0x6c archival/libunarchive/lib.a(decompress_unzip.o)
 .text.huft_free
                0x0000000000437ae0       0x4c archival/libunarchive/lib.a(decompress_unzip.o)
 .text.huft_free_all
                0x0000000000437b2c       0x40 archival/libunarchive/lib.a(decompress_unzip.o)
 .text.buffer_read_le_u32
                0x0000000000437b6c       0x5c archival/libunarchive/lib.a(decompress_unzip.o)
 .text.huft_build
                0x0000000000437bc8      0x584 archival/libunarchive/lib.a(decompress_unzip.o)
 .text.abort_unzip
                0x000000000043814c       0x38 archival/libunarchive/lib.a(decompress_unzip.o)
 .text.fill_bitbuffer
                0x0000000000438184      0x148 archival/libunarchive/lib.a(decompress_unzip.o)
 .text.inflate_block
                0x00000000004382cc      0x6b8 archival/libunarchive/lib.a(decompress_unzip.o)
 .text.inflate_unzip_internal
                0x0000000000438984      0x7d0 archival/libunarchive/lib.a(decompress_unzip.o)
 .text.top_up   0x0000000000439154       0xc4 archival/libunarchive/lib.a(decompress_unzip.o)
 .text.inflate_unzip
                0x0000000000439218       0xd8 archival/libunarchive/lib.a(decompress_unzip.o)
                0x0000000000439218                inflate_unzip
 .text.unpack_gz_stream
                0x00000000004392f0      0x344 archival/libunarchive/lib.a(decompress_unzip.o)
                0x00000000004392f0                unpack_gz_stream
 .text.filter_accept_reject_list
                0x0000000000439634       0x80 archival/libunarchive/lib.a(filter_accept_reject_list.o)
                0x0000000000439634                filter_accept_reject_list
 .text.find_list_entry
                0x00000000004396b4       0x6c archival/libunarchive/lib.a(find_list_entry.o)
                0x00000000004396b4                find_list_entry
 .text.find_list_entry2
                0x0000000000439720      0x100 archival/libunarchive/lib.a(find_list_entry.o)
                0x0000000000439720                find_list_entry2
 .text.getOctal
                0x0000000000439820       0x6c archival/libunarchive/lib.a(get_header_tar.o)
 .text.get_header_tar
                0x000000000043988c      0x778 archival/libunarchive/lib.a(get_header_tar.o)
                0x000000000043988c                get_header_tar
 .text.get_header_tar_gz
                0x000000000043a004       0xc0 archival/libunarchive/lib.a(get_header_tar_gz.o)
                0x000000000043a004                get_header_tar_gz
 .text.header_list
                0x000000000043a0c4       0x1c archival/libunarchive/lib.a(header_list.o)
                0x000000000043a0c4                header_list
 .text.header_verbose_list
                0x000000000043a0e0      0x100 archival/libunarchive/lib.a(header_verbose_list.o)
                0x000000000043a0e0                header_verbose_list
 .text.init_handle
                0x000000000043a1e0       0x80 archival/libunarchive/lib.a(init_handle.o)
                0x000000000043a1e0                init_handle
 .text.open_transformer
                0x000000000043a260       0xe0 archival/libunarchive/lib.a(open_transformer.o)
                0x000000000043a260                open_transformer
 .text.seek_by_jump
                0x000000000043a340       0xb0 archival/libunarchive/lib.a(seek_by_jump.o)
                0x000000000043a340                seek_by_jump
 .text.seek_by_read
                0x000000000043a3f0       0x28 archival/libunarchive/lib.a(seek_by_read.o)
                0x000000000043a3f0                seek_by_read
 .text.data_align
                0x000000000043a418       0xa8 archival/libunarchive/lib.a(data_align.o)
                0x000000000043a418                data_align
 .text.filter_accept_all
                0x000000000043a4c0       0x14 archival/libunarchive/lib.a(filter_accept_all.o)
                0x000000000043a4c0                filter_accept_all
 .text.header_skip
                0x000000000043a4d4        0x8 archival/libunarchive/lib.a(header_skip.o)
                0x000000000043a4d4                header_skip
 .text.basename_main
                0x000000000043a4dc      0x108 coreutils/lib.a(basename.o)
                0x000000000043a4dc                basename_main
 .text.bb_cat   0x000000000043a5e4       0xd4 coreutils/lib.a(cat.o)
                0x000000000043a5e4                bb_cat
 .text.cat_main
                0x000000000043a6b8       0x60 coreutils/lib.a(cat.o)
                0x000000000043a6b8                cat_main
 .text.fileAction
                0x000000000043a718       0xe8 coreutils/lib.a(chmod.o)
 .text.chmod_main
                0x000000000043a800      0x17c coreutils/lib.a(chmod.o)
                0x000000000043a800                chmod_main
 .text.cp_main  0x000000000043a97c      0x1c8 coreutils/lib.a(cp.o)
                0x000000000043a97c                cp_main
 .text.cmpfunc  0x000000000043ab44       0x10 coreutils/lib.a(cut.o)
 .text.cut_main
                0x000000000043ab54      0x728 coreutils/lib.a(cut.o)
                0x000000000043ab54                cut_main
 .text.maybe_set_utc
                0x000000000043b27c       0x28 coreutils/lib.a(date.o)
 .text.date_main
                0x000000000043b2a4      0x648 coreutils/lib.a(date.o)
                0x000000000043b2a4                date_main
 .text.write_and_stats
                0x000000000043b8ec       0xf0 coreutils/lib.a(dd.o)
 .text.dd_output_status
                0x000000000043b9dc       0xa0 coreutils/lib.a(dd.o)
 .text.dd_main  0x000000000043ba7c      0x76c coreutils/lib.a(dd.o)
                0x000000000043ba7c                dd_main
 .text.kscale   0x000000000043c1e8       0x28 coreutils/lib.a(df.o)
 .text.df_main  0x000000000043c210      0x310 coreutils/lib.a(df.o)
                0x000000000043c210                df_main
 .text.echo_main
                0x000000000043c520      0x264 coreutils/lib.a(echo.o)
                0x000000000043c520                echo_main
 .text.null     0x000000000043c784       0x54 coreutils/lib.a(expr.o)
 .text.tostring
                0x000000000043c7d8       0x50 coreutils/lib.a(expr.o)
 .text.int_value
                0x000000000043c828       0x34 coreutils/lib.a(expr.o)
 .text.str_value
                0x000000000043c85c       0x5c coreutils/lib.a(expr.o)
 .text.docolon  0x000000000043c8b8      0x168 coreutils/lib.a(expr.o)
 .text.toarith  0x000000000043ca20       0x98 coreutils/lib.a(expr.o)
 .text.arithmetic_common
                0x000000000043cab8       0xcc coreutils/lib.a(expr.o)
 .text.freev    0x000000000043cb84       0x58 coreutils/lib.a(expr.o)
 .text.nextarg  0x000000000043cbdc       0x84 coreutils/lib.a(expr.o)
 .text.eval     0x000000000043cc60       0xac coreutils/lib.a(expr.o)
 .text.eval6    0x000000000043cd0c      0x394 coreutils/lib.a(expr.o)
 .text.eval5    0x000000000043d0a0       0xb0 coreutils/lib.a(expr.o)
 .text.eval4    0x000000000043d150       0xfc coreutils/lib.a(expr.o)
 .text.eval3    0x000000000043d24c       0xdc coreutils/lib.a(expr.o)
 .text.eval2    0x000000000043d328      0x228 coreutils/lib.a(expr.o)
 .text.eval1    0x000000000043d550       0xcc coreutils/lib.a(expr.o)
 .text.expr_main
                0x000000000043d61c       0xdc coreutils/lib.a(expr.o)
                0x000000000043d61c                expr_main
 .text.false_main
                0x000000000043d6f8        0x8 coreutils/lib.a(false.o)
                0x000000000043d6f8                false_main
 .text.head_main
                0x000000000043d700      0x2b0 coreutils/lib.a(head.o)
                0x000000000043d700                head_main
 .text.ln_main  0x000000000043d9b0      0x364 coreutils/lib.a(ln.o)
                0x000000000043d9b0                ln_main
 .text.append_char
                0x000000000043dd14       0x74 coreutils/lib.a(ls.o)
 .text.count_dirs
                0x000000000043dd88       0x98 coreutils/lib.a(ls.o)
 .text.my_stat  0x000000000043de20      0x10c coreutils/lib.a(ls.o)
 .text.dnalloc  0x000000000043df2c       0x1c coreutils/lib.a(ls.o)
 .text.splitdnarray
                0x000000000043df48      0x12c coreutils/lib.a(ls.o)
 .text.showfiles
                0x000000000043e074      0x7cc coreutils/lib.a(ls.o)
 .text.dnsort   0x000000000043e840       0x1c coreutils/lib.a(ls.o)
 .text.sortcmp  0x000000000043e85c      0x108 coreutils/lib.a(ls.o)
 .text.showdirs
                0x000000000043e964      0x3b8 coreutils/lib.a(ls.o)
 .text.ls_main  0x000000000043ed1c      0x4c0 coreutils/lib.a(ls.o)
                0x000000000043ed1c                ls_main
 .text.md5_sha1_sum_main
                0x000000000043f1dc      0x1fc coreutils/lib.a(md5_sha1_sum.o)
                0x000000000043f1dc                md5_sha1_sum_main
 .text.mkdir_main
                0x000000000043f3d8      0x128 coreutils/lib.a(mkdir.o)
                0x000000000043f3d8                mkdir_main
 .text.mknod_main
                0x000000000043f500      0x180 coreutils/lib.a(mknod.o)
                0x000000000043f500                mknod_main
 .text.mv_main  0x000000000043f680      0x354 coreutils/lib.a(mv.o)
                0x000000000043f680                mv_main
 .text.nice_main
                0x000000000043f9d4      0x178 coreutils/lib.a(nice.o)
                0x000000000043f9d4                nice_main
 .text.pwd_main
                0x000000000043fb4c       0x90 coreutils/lib.a(pwd.o)
                0x000000000043fb4c                pwd_main
 .text.rm_main  0x000000000043fbdc      0x198 coreutils/lib.a(rm.o)
                0x000000000043fbdc                rm_main
 .text.seq_main
                0x000000000043fd74      0x1f0 coreutils/lib.a(seq.o)
                0x000000000043fd74                seq_main
 .text.sleep_main
                0x000000000043ff64       0x64 coreutils/lib.a(sleep.o)
                0x000000000043ff64                sleep_main
 .text.sync_main
                0x000000000043ffc8       0x4c coreutils/lib.a(sync.o)
                0x000000000043ffc8                sync_main
 .text.eat_num  0x0000000000440014       0x40 coreutils/lib.a(tail.o)
 .text.tail_xprint_header
                0x0000000000440054       0x50 coreutils/lib.a(tail.o)
 .text.tail_read
                0x00000000004400a4      0x120 coreutils/lib.a(tail.o)
 .text.tail_main
                0x00000000004401c4      0x640 coreutils/lib.a(tail.o)
                0x00000000004401c4                tail_main
 .text.check_operator
                0x0000000000440804       0xac coreutils/lib.a(test.o)
 .text.syntax   0x00000000004408b0       0x88 coreutils/lib.a(test.o)
 .text.getn     0x0000000000440938       0xb0 coreutils/lib.a(test.o)
 .text.binop    0x00000000004409e8      0x260 coreutils/lib.a(test.o)
 .text.filstat  0x0000000000440c48      0x344 coreutils/lib.a(test.o)
 .text.nexpr    0x0000000000440f8c      0x240 coreutils/lib.a(test.o)
 .text.aexpr    0x00000000004411cc       0xb0 coreutils/lib.a(test.o)
 .text.oexpr    0x000000000044127c       0xb0 coreutils/lib.a(test.o)
 .text.test_main
                0x000000000044132c      0x1e0 coreutils/lib.a(test.o)
                0x000000000044132c                test_main
 .text.touch_main
                0x000000000044150c      0x150 coreutils/lib.a(touch.o)
                0x000000000044150c                touch_main
 .text.expand   0x000000000044165c      0x1b4 coreutils/lib.a(tr.o)
 .text.complement.constprop.0
                0x0000000000441810       0xa0 coreutils/lib.a(tr.o)
 .text.tr_main  0x00000000004418b0      0x2e4 coreutils/lib.a(tr.o)
                0x00000000004418b0                tr_main
 .text.true_main
                0x0000000000441b94        0x8 coreutils/lib.a(true.o)
                0x0000000000441b94                true_main
 .text.uname_main
                0x0000000000441b9c      0x150 coreutils/lib.a(uname.o)
                0x0000000000441b9c                uname_main
 .text.wc_main  0x0000000000441cec      0x3c0 coreutils/lib.a(wc.o)
                0x0000000000441cec                wc_main
 .text.cp_mv_stat2
                0x00000000004420ac       0x8c coreutils/libcoreutils/lib.a(cp_mv_stat.o)
                0x00000000004420ac                cp_mv_stat2
 .text.cp_mv_stat
                0x0000000000442138       0x14 coreutils/libcoreutils/lib.a(cp_mv_stat.o)
                0x0000000000442138                cp_mv_stat
 .text.getopt_mk_fifo_nod
                0x000000000044214c       0x80 coreutils/libcoreutils/lib.a(getopt_mk_fifo_nod.o)
                0x000000000044214c                getopt_mk_fifo_nod
 .text.hashidx  0x00000000004421cc       0x2c editors/lib.a(awk.o)
 .text.skip_spaces
                0x00000000004421f8       0x70 editors/lib.a(awk.o)
 .text.nextword
                0x0000000000442268       0x24 editors/lib.a(awk.o)
 .text.rollback_token
                0x000000000044228c       0x14 editors/lib.a(awk.o)
 .text.nextarg  0x00000000004422a0       0x48 editors/lib.a(awk.o)
 .text.hash_init
                0x00000000004422e8       0x58 editors/lib.a(awk.o)
 .text.iamarray
                0x0000000000442340       0x58 editors/lib.a(awk.o)
 .text.new_node
                0x0000000000442398       0x44 editors/lib.a(awk.o)
 .text.nvalloc  0x00000000004423dc      0x12c editors/lib.a(awk.o)
 .text.qrealloc
                0x0000000000442508       0x60 editors/lib.a(awk.o)
 .text.clrvar   0x0000000000442568       0x60 editors/lib.a(awk.o)
 .text.fsrealloc
                0x00000000004425c8       0xf8 editors/lib.a(awk.o)
 .text.clear_array
                0x00000000004426c0       0xd0 editors/lib.a(awk.o)
 .text.zero_out_var
                0x0000000000442790       0x18 editors/lib.a(awk.o)
 .text.chain_node
                0x00000000004427a8       0xb4 editors/lib.a(awk.o)
 .text.mk_re_node
                0x000000000044285c       0x80 editors/lib.a(awk.o)
 .text.mk_splitter
                0x00000000004428dc       0xc4 editors/lib.a(awk.o)
 .text.getvar_i
                0x00000000004429a0       0xe0 editors/lib.a(awk.o)
 .text.is_numeric
                0x0000000000442a80       0x30 editors/lib.a(awk.o)
 .text.istrue   0x0000000000442ab0       0x74 editors/lib.a(awk.o)
 .text.hash_search
                0x0000000000442b24       0xa0 editors/lib.a(awk.o)
 .text.hash_find
                0x0000000000442bc4      0x1f8 editors/lib.a(awk.o)
 .text.hash_remove
                0x0000000000442dbc      0x108 editors/lib.a(awk.o)
 .text.nextchar
                0x0000000000442ec4       0x80 editors/lib.a(awk.o)
 .text.syntax_error
                0x0000000000442f44       0x30 editors/lib.a(awk.o)
 .text.fmt_num  0x0000000000442f74      0x1a8 editors/lib.a(awk.o)
 .text.getvar_s
                0x000000000044311c       0xc8 editors/lib.a(awk.o)
 .text.handle_special
                0x00000000004431e4      0x2b8 editors/lib.a(awk.o)
 .text.setvar_p
                0x000000000044349c       0x3c editors/lib.a(awk.o)
 .text.setvar_s
                0x00000000004434d8       0x50 editors/lib.a(awk.o)
 .text.setvar_u
                0x0000000000443528       0x34 editors/lib.a(awk.o)
 .text.is_assignment
                0x000000000044355c      0x120 editors/lib.a(awk.o)
 .text.setari_u
                0x000000000044367c       0x74 editors/lib.a(awk.o)
 .text.setvar_i
                0x00000000004436f0       0x5c editors/lib.a(awk.o)
 .text.incvar   0x000000000044374c       0x60 editors/lib.a(awk.o)
 .text.awk_getline
                0x00000000004437ac      0x390 editors/lib.a(awk.o)
 .text.copyvar  0x0000000000443b3c       0x80 editors/lib.a(awk.o)
 .text.awk_split
                0x0000000000443bbc      0x36c editors/lib.a(awk.o)
 .text.split_f0
                0x0000000000443f28      0x12c editors/lib.a(awk.o)
 .text.next_input_file
                0x0000000000444054      0x1bc editors/lib.a(awk.o)
 .text.next_token
                0x0000000000444210      0x58c editors/lib.a(awk.o)
 .text.parse_expr
                0x000000000044479c      0x464 editors/lib.a(awk.o)
 .text.condition
                0x0000000000444c00       0x20 editors/lib.a(awk.o)
 .text.chain_expr
                0x0000000000444c20       0x60 editors/lib.a(awk.o)
 .text.chain_group
                0x0000000000444c80      0x388 editors/lib.a(awk.o)
 .text.parse_program
                0x0000000000445008      0x1ec editors/lib.a(awk.o)
 .text.chain_loop
                0x00000000004451f4       0xc4 editors/lib.a(awk.o)
 .text.nvfree   0x00000000004452b8      0x160 editors/lib.a(awk.o)
 .text.awk_exit
                0x0000000000445418       0xfc editors/lib.a(awk.o)
 .text.evaluate
                0x0000000000445514     0x2018 editors/lib.a(awk.o)
 .text.as_regex
                0x000000000044752c       0xdc editors/lib.a(awk.o)
 .text.awk_sub  0x0000000000447608      0x374 editors/lib.a(awk.o)
 .text.awk_printf
                0x000000000044797c      0x328 editors/lib.a(awk.o)
 .text.ptest    0x0000000000447ca4       0x28 editors/lib.a(awk.o)
 .text.awk_main
                0x0000000000447ccc      0x5c4 editors/lib.a(awk.o)
                0x0000000000447ccc                awk_main
 .text.parse_escapes
                0x0000000000448290       0x7c editors/lib.a(sed.o)
 .text.index_of_next_unescaped_regexp_delim
                0x000000000044830c       0xf4 editors/lib.a(sed.o)
 .text.copy_parsing_escapes
                0x0000000000448400       0xa0 editors/lib.a(sed.o)
 .text.parse_regex_delim
                0x00000000004484a0       0xbc editors/lib.a(sed.o)
 .text.get_address
                0x000000000044855c      0x14c editors/lib.a(sed.o)
 .text.parse_file_cmd
                0x00000000004486a8      0x104 editors/lib.a(sed.o)
 .text.add_cmd  0x00000000004487ac      0x888 editors/lib.a(sed.o)
 .text.add_cmd_block
                0x0000000000449034      0x104 editors/lib.a(sed.o)
 .text.add_input_file
                0x0000000000449138       0x7c editors/lib.a(sed.o)
 .text.flush_append
                0x00000000004491b4       0xb0 editors/lib.a(sed.o)
 .text.pipe_putc
                0x0000000000449264       0xb4 editors/lib.a(sed.o)
 .text.append   0x0000000000449318       0x38 editors/lib.a(sed.o)
 .text.get_next_line
                0x0000000000449350      0x1a0 editors/lib.a(sed.o)
 .text.puts_maybe_newline
                0x00000000004494f0      0x1f0 editors/lib.a(sed.o)
 .text.process_files
                0x00000000004496e0      0xd80 editors/lib.a(sed.o)
 .text.cleanup_outname
                0x000000000044a460       0x38 editors/lib.a(sed.o)
 .text.sed_main
                0x000000000044a498      0x4f8 editors/lib.a(sed.o)
                0x000000000044a498                sed_main
 .text.next_tabstop
                0x000000000044a990       0x34 editors/lib.a(vi.o)
 .text.dot_left
                0x000000000044a9c4       0x40 editors/lib.a(vi.o)
 .text.dot_right
                0x000000000044aa04       0x40 editors/lib.a(vi.o)
 .text.find_pair
                0x000000000044aa44       0xfc editors/lib.a(vi.o)
 .text.end_cmd_q
                0x000000000044ab40       0x18 editors/lib.a(vi.o)
 .text.what_reg
                0x000000000044ab58       0x4c editors/lib.a(vi.o)
 .text.show_help
                0x000000000044aba4       0x18 editors/lib.a(vi.o)
 .text.rawmode  0x000000000044abbc       0xc8 editors/lib.a(vi.o)
 .text.screen_erase
                0x000000000044ac84       0x28 editors/lib.a(vi.o)
 .text.new_screen
                0x000000000044acac       0xac editors/lib.a(vi.o)
 .text.file_size
                0x000000000044ad58       0x60 editors/lib.a(vi.o)
 .text.text_hole_delete
                0x000000000044adb8      0x104 editors/lib.a(vi.o)
 .text.write1   0x000000000044aebc       0x1c editors/lib.a(vi.o)
 .text.standout_start
                0x000000000044aed8        0xc editors/lib.a(vi.o)
 .text.standout_end
                0x000000000044aee4        0xc editors/lib.a(vi.o)
 .text.clear_to_eos
                0x000000000044aef0        0xc editors/lib.a(vi.o)
 .text.clear_to_eol
                0x000000000044aefc        0xc editors/lib.a(vi.o)
 .text.text_hole_make
                0x000000000044af08      0x120 editors/lib.a(vi.o)
 .text.stupid_insert
                0x000000000044b028       0x30 editors/lib.a(vi.o)
 .text.status_line_bold
                0x000000000044b058       0xb0 editors/lib.a(vi.o)
 .text.file_insert
                0x000000000044b108      0x27c editors/lib.a(vi.o)
 .text.status_line
                0x000000000044b384       0x5c editors/lib.a(vi.o)
 .text.catch_sig
                0x000000000044b3e0       0x60 editors/lib.a(vi.o)
 .text.dot_skip_over_ws
                0x000000000044b440       0x94 editors/lib.a(vi.o)
 .text.not_implemented
                0x000000000044b4d4      0x1d4 editors/lib.a(vi.o)
 .text.setops   0x000000000044b6a8       0xcc editors/lib.a(vi.o)
 .text.mycmp    0x000000000044b774       0x94 editors/lib.a(vi.o)
 .text.string_insert
                0x000000000044b808       0xc0 editors/lib.a(vi.o)
 .text.text_yank
                0x000000000044b8c8       0xd0 editors/lib.a(vi.o)
 .text.yank_delete
                0x000000000044b998       0xd4 editors/lib.a(vi.o)
 .text.file_write
                0x000000000044ba6c       0xdc editors/lib.a(vi.o)
 .text.cookmode
                0x000000000044bb48       0x50 editors/lib.a(vi.o)
 .text.mysleep  0x000000000044bb98       0x44 editors/lib.a(vi.o)
 .text.begin_line
                0x000000000044bbdc       0x64 editors/lib.a(vi.o)
 .text.prev_line
                0x000000000044bc40       0x54 editors/lib.a(vi.o)
 .text.dot_prev
                0x000000000044bc94       0x34 editors/lib.a(vi.o)
 .text.move_to_col
                0x000000000044bcc8       0xd4 editors/lib.a(vi.o)
 .text.dot_begin
                0x000000000044bd9c       0x34 editors/lib.a(vi.o)
 .text.end_line
                0x000000000044bdd0       0x64 editors/lib.a(vi.o)
 .text.next_line
                0x000000000044be34       0x58 editors/lib.a(vi.o)
 .text.find_line
                0x000000000044be8c       0x44 editors/lib.a(vi.o)
 .text.char_search
                0x000000000044bed0      0x134 editors/lib.a(vi.o)
 .text.dot_next
                0x000000000044c004       0x34 editors/lib.a(vi.o)
 .text.count_lines
                0x000000000044c038       0xb0 editors/lib.a(vi.o)
 .text.get_one_address
                0x000000000044c0e8      0x1e8 editors/lib.a(vi.o)
 .text.end_screen
                0x000000000044c2d0       0x5c editors/lib.a(vi.o)
 .text.dot_scroll
                0x000000000044c32c       0xcc editors/lib.a(vi.o)
 .text.dot_end  0x000000000044c3f8       0x34 editors/lib.a(vi.o)
 .text.skip_thing
                0x000000000044c42c      0x1f0 editors/lib.a(vi.o)
 .text.place_cursor
                0x000000000044c61c      0x1bc editors/lib.a(vi.o)
 .text.readit   0x000000000044c7d8      0x21c editors/lib.a(vi.o)
 .text.get_one_char
                0x000000000044c9f4       0xd0 editors/lib.a(vi.o)
 .text.refresh  0x000000000044cac4      0x688 editors/lib.a(vi.o)
 .text.get_input_line
                0x000000000044d14c      0x158 editors/lib.a(vi.o)
 .text.redraw   0x000000000044d2a4       0x54 editors/lib.a(vi.o)
 .text.Hit_Return
                0x000000000044d2f8       0x5c editors/lib.a(vi.o)
 .text.show_status_line
                0x000000000044d354      0x2a8 editors/lib.a(vi.o)
 .text.winch_sig
                0x000000000044d5fc       0xa4 editors/lib.a(vi.o)
 .text.suspend_sig
                0x000000000044d6a0       0x98 editors/lib.a(vi.o)
 .text.cont_sig
                0x000000000044d738       0x84 editors/lib.a(vi.o)
 .text.Indicate_Error
                0x000000000044d7bc       0x64 editors/lib.a(vi.o)
 .text.char_insert
                0x000000000044d820      0x258 editors/lib.a(vi.o)
 .text.init_text_buffer
                0x000000000044da78      0x110 editors/lib.a(vi.o)
 .text.bound_dot
                0x000000000044db88       0x80 editors/lib.a(vi.o)
 .text.colon    0x000000000044dc08     0x12a8 editors/lib.a(vi.o)
 .text.do_cmd   0x000000000044eeb0     0x1bcc editors/lib.a(vi.o)
 .text.edit_file
                0x0000000000450a7c      0x3e4 editors/lib.a(vi.o)
 .text.find_range
                0x0000000000450e60      0x360 editors/lib.a(vi.o)
 .text.vi_main  0x00000000004511c0      0x234 editors/lib.a(vi.o)
                0x00000000004511c0                vi_main
 .text.exec_actions
                0x00000000004513f4       0xcc findutils/lib.a(find.o)
 .text.func_type
                0x00000000004514c0       0x18 findutils/lib.a(find.o)
 .text.func_perm
                0x00000000004514d8       0x50 findutils/lib.a(find.o)
 .text.func_newer
                0x0000000000451528       0x10 findutils/lib.a(find.o)
 .text.func_inum
                0x0000000000451538       0x28 findutils/lib.a(find.o)
 .text.func_user
                0x0000000000451560       0x18 findutils/lib.a(find.o)
 .text.func_group
                0x0000000000451578       0x18 findutils/lib.a(find.o)
 .text.func_paren
                0x0000000000451590       0x18 findutils/lib.a(find.o)
 .text.func_size
                0x00000000004515a8       0x94 findutils/lib.a(find.o)
 .text.func_prune
                0x000000000045163c        0x8 findutils/lib.a(find.o)